[transformers] `torch_dtype` is deprecated! Use `dtype` instead!
[SALT-Q] Loading permuted base /home/users/nus/jingzege/projects/SQAT/outputs/saltq_cs170k_int3_g64_ep1/permuted_fp16_base ...
Loading weights:   0%|          | 0/291 [00:00<?, ?it/s]Loading weights:   7%|▋         | 19/291 [00:00<00:01, 163.15it/s]Loading weights:  12%|█▏        | 36/291 [00:00<00:02, 110.46it/s]Loading weights:  21%|██        | 61/291 [00:00<00:01, 151.58it/s]Loading weights:  27%|██▋       | 78/291 [00:00<00:01, 128.78it/s]Loading weights:  32%|███▏      | 92/291 [00:00<00:02, 99.02it/s] Loading weights:  38%|███▊      | 110/291 [00:00<00:01, 108.56it/s]Loading weights:  42%|████▏     | 122/291 [00:01<00:01, 102.13it/s]Loading weights:  46%|████▋     | 135/291 [00:01<00:01, 93.18it/s] Loading weights:  52%|█████▏    | 150/291 [00:01<00:01, 91.37it/s]Loading weights:  58%|█████▊    | 169/291 [00:01<00:01, 94.71it/s]Loading weights:  66%|██████▋   | 193/291 [00:01<00:00, 117.11it/s]Loading weights:  71%|███████   | 206/291 [00:01<00:00, 112.87it/s]Loading weights:  75%|███████▍  | 218/291 [00:02<00:00, 108.68it/s]Loading weights:  83%|████████▎ | 242/291 [00:02<00:00, 122.30it/s]Loading weights:  91%|█████████▏| 266/291 [00:02<00:00, 145.84it/s]Loading weights:  98%|█████████▊| 284/291 [00:02<00:00, 142.50it/s]Loading weights: 100%|██████████| 291/291 [00:02<00:00, 120.99it/s]
[SALT-Q] frozen-code reconstruction error over the first 8 layers: median 54.1%, worst 60.2% (model.layers.0.self_attn.q_proj)
[SALT-Q] Replaced 224 linears; trainable 364.6M params (58.15% of the fp-parameter tree)
[SALT-Q] affine training mode: z-only (default; forward is a frozen GEMM + pooled correction), continuous z (fractional zero-point)
[SALT-Q] frozen: 6318.7M codes (host, int8, export/verify only) -> precomputed q*s on device as torch.bfloat16 (12.6 GB)
[SegPerm] Boundary hook: seg 0→1 after layer 0
[SegPerm] Boundary hook: seg 1→2 after layer 1
[SegPerm] Boundary hook: seg 2→3 after layer 11
[SegPerm] num_runtime_permutes=3
[probe] registered 3 boundary gathers
[SALT-Q] Loaded 800 trainable tensors from outputs/saltq_cs170k_int2_g32_ep1_span-2bit-saltq/final/saltq_trainable.safetensors

== outputs/saltq_cs170k_int2_g32_ep1_span-2bit-saltq/final
task           resp_loss  ans_loss  ans_acc  majority
arc_challenge     0.1271    1.0164    0.578     0.219
arc_easy          0.1069    0.8553    0.656     0.141
boolq             0.0886    0.6205    0.656     0.641
hellaswag         0.0677    0.5413    0.766     0.156
openbookqa        0.1030    0.8241    0.672     0.344
piqa              0.0664    0.5310    0.719     0.438
siqa              0.0684    0.5473    0.734     0.422
winogrande        0.0807    0.6459    0.688     0.453
MEAN              0.0886    0.6977    0.684
wrote results/probe/saltq_cs170k_int2_g32_ep1_span_ckptfinal.json
