{
    "process": "gptq",
    "layer": 0,
    "module": "self_attn.k_proj",
    "loss": "0.20816553",
    "samples": "1024",
    "damp": "0.01000",
    "time": "19.462",
    "fwd_time": "22.639"
}
{
    "process": "gptq",
    "layer": 0,
    "module": "self_attn.v_proj",
    "loss": "0.00597061",
    "samples": "1024",
    "damp": "0.01000",
    "time": "1.121",
    "fwd_time": "22.639"
}
{
    "process": "gptq",
    "layer": 0,
    "module": "self_attn.q_proj",
    "loss": "0.23182362",
    "samples": "1024",
    "damp": "0.01000",
    "time": "1.114",
    "fwd_time": "22.639"
}
{
    "process": "gptq",
    "layer": 0,
    "module": "self_attn.o_proj",
    "loss": "0.00016767",
    "samples": "1024",
    "damp": "0.01000",
    "time": "1.099",
    "fwd_time": "4.660"
}
{
    "process": "gptq",
    "layer": 0,
    "module": "mlp.up_proj",
    "loss": "0.14295354",
    "samples": "1024",
    "damp": "0.01000",
    "time": "1.109",
    "fwd_time": "5.940"
}
{
    "process": "gptq",
    "layer": 0,
    "module": "mlp.gate_proj",
    "loss": "0.14799188",
    "samples": "1024",
    "damp": "0.01000",
    "time": "1.108",
    "fwd_time": "5.940"
}
{
    "process": "gptq",
    "layer": 0,
    "module": "mlp.down_proj",
    "loss": "0.00139978",
    "samples": "1024",
    "damp": "0.01000",
    "time": "4.386",
    "fwd_time": "12.226"
}
{
    "process": "gptq",
    "layer": 1,
    "module": "self_attn.k_proj",
    "loss": "0.76714289",
    "samples": "1024",
    "damp": "0.01000",
    "time": "1.094",
    "fwd_time": "7.108"
}
{
    "process": "gptq",
    "layer": 1,
    "module": "self_attn.v_proj",
    "loss": "0.04114421",
    "samples": "1024",
    "damp": "0.01000",
    "time": "1.093",
    "fwd_time": "7.108"
}
{
    "process": "gptq",
    "layer": 1,
    "module": "self_attn.q_proj",
    "loss": "0.76424235",
    "samples": "1024",
    "damp": "0.01000",
    "time": "1.100",
    "fwd_time": "7.108"
}
{
    "process": "gptq",
    "layer": 1,
    "module": "self_attn.o_proj",
    "loss": "0.00448119",
    "samples": "1024",
    "damp": "0.01000",
    "time": "1.092",
    "fwd_time": "4.649"
}
{
    "process": "gptq",
    "layer": 1,
    "module": "mlp.up_proj",
    "loss": "0.57743287",
    "samples": "1024",
    "damp": "0.01000",
    "time": "1.098",
    "fwd_time": "5.936"
}
{
    "process": "gptq",
    "layer": 1,
    "module": "mlp.gate_proj",
    "loss": "0.64646816",
    "samples": "1024",
    "damp": "0.01000",
    "time": "1.097",
    "fwd_time": "5.936"
}
{
    "process": "gptq",
    "layer": 1,
    "module": "mlp.down_proj",
    "loss": "3.95147896",
    "samples": "1024",
    "damp": "0.01000",
    "time": "3.229",
    "fwd_time": "12.220"
}
{
    "process": "gptq",
    "layer": 2,
    "module": "self_attn.k_proj",
    "loss": "2.48896360",
    "samples": "1024",
    "damp": "0.01000",
    "time": "1.102",
    "fwd_time": "7.100"
}
{
    "process": "gptq",
    "layer": 2,
    "module": "self_attn.v_proj",
    "loss": "0.62682813",
    "samples": "1024",
    "damp": "0.01000",
    "time": "1.102",
    "fwd_time": "7.100"
}
{
    "process": "gptq",
    "layer": 2,
    "module": "self_attn.q_proj",
    "loss": "2.23783875",
    "samples": "1024",
    "damp": "0.01000",
    "time": "1.111",
    "fwd_time": "7.100"
}
{
    "process": "gptq",
    "layer": 2,
    "module": "self_attn.o_proj",
    "loss": "0.01134901",
    "samples": "1024",
    "damp": "0.01000",
    "time": "1.101",
    "fwd_time": "4.658"
}
{
    "process": "gptq",
    "layer": 2,
    "module": "mlp.up_proj",
    "loss": "1.54174447",
    "samples": "1024",
    "damp": "0.01000",
    "time": "1.106",
    "fwd_time": "5.939"
}
{
    "process": "gptq",
    "layer": 2,
    "module": "mlp.gate_proj",
    "loss": "1.76629591",
    "samples": "1024",
    "damp": "0.01000",
    "time": "1.107",
    "fwd_time": "5.939"
}
{
    "process": "gptq",
    "layer": 2,
    "module": "mlp.down_proj",
    "loss": "0.03385685",
    "samples": "1024",
    "damp": "0.01000",
    "time": "3.229",
    "fwd_time": "12.216"
}
{
    "process": "gptq",
    "layer": 3,
    "module": "self_attn.k_proj",
    "loss": "7.78922367",
    "samples": "1024",
    "damp": "0.01000",
    "time": "1.102",
    "fwd_time": "7.101"
}
{
    "process": "gptq",
    "layer": 3,
    "module": "self_attn.v_proj",
    "loss": "2.04797339",
    "samples": "1024",
    "damp": "0.01000",
    "time": "1.104",
    "fwd_time": "7.101"
}
{
    "process": "gptq",
    "layer": 3,
    "module": "self_attn.q_proj",
    "loss": "7.23026752",
    "samples": "1024",
    "damp": "0.01000",
    "time": "1.112",
    "fwd_time": "7.101"
}
{
    "process": "gptq",
    "layer": 3,
    "module": "self_attn.o_proj",
    "loss": "0.01941303",
    "samples": "1024",
    "damp": "0.01000",
    "time": "1.104",
    "fwd_time": "4.659"
}
{
    "process": "gptq",
    "layer": 3,
    "module": "mlp.up_proj",
    "loss": "2.98155546",
    "samples": "1024",
    "damp": "0.01000",
    "time": "1.107",
    "fwd_time": "5.942"
}
{
    "process": "gptq",
    "layer": 3,
    "module": "mlp.gate_proj",
    "loss": "3.46800804",
    "samples": "1024",
    "damp": "0.01000",
    "time": "1.109",
    "fwd_time": "5.942"
}
{
    "process": "gptq",
    "layer": 3,
    "module": "mlp.down_proj",
    "loss": "0.07423114",
    "samples": "1024",
    "damp": "0.01000",
    "time": "3.227",
    "fwd_time": "12.228"
}
{
    "process": "gptq",
    "layer": 4,
    "module": "self_attn.k_proj",
    "loss": "7.81607342",
    "samples": "1024",
    "damp": "0.01000",
    "time": "1.103",
    "fwd_time": "7.109"
}
{
    "process": "gptq",
    "layer": 4,
    "module": "self_attn.v_proj",
    "loss": "2.12546396",
    "samples": "1024",
    "damp": "0.01000",
    "time": "1.106",
    "fwd_time": "7.109"
}
{
    "process": "gptq",
    "layer": 4,
    "module": "self_attn.q_proj",
    "loss": "7.39854527",
    "samples": "1024",
    "damp": "0.01000",
    "time": "1.114",
    "fwd_time": "7.109"
}
{
    "process": "gptq",
    "layer": 4,
    "module": "self_attn.o_proj",
    "loss": "0.03756782",
    "samples": "1024",
    "damp": "0.01000",
    "time": "1.101",
    "fwd_time": "4.660"
}
{
    "process": "gptq",
    "layer": 4,
    "module": "mlp.up_proj",
    "loss": "4.06332874",
    "samples": "1024",
    "damp": "0.01000",
    "time": "1.108",
    "fwd_time": "5.939"
}
{
    "process": "gptq",
    "layer": 4,
    "module": "mlp.gate_proj",
    "loss": "4.99284363",
    "samples": "1024",
    "damp": "0.01000",
    "time": "1.109",
    "fwd_time": "5.939"
}
{
    "process": "gptq",
    "layer": 4,
    "module": "mlp.down_proj",
    "loss": "0.14029494",
    "samples": "1024",
    "damp": "0.01000",
    "time": "3.224",
    "fwd_time": "12.222"
}
{
    "process": "gptq",
    "layer": 5,
    "module": "self_attn.k_proj",
    "loss": "9.69360924",
    "samples": "1024",
    "damp": "0.01000",
    "time": "1.103",
    "fwd_time": "7.101"
}
{
    "process": "gptq",
    "layer": 5,
    "module": "self_attn.v_proj",
    "loss": "2.65070772",
    "samples": "1024",
    "damp": "0.01000",
    "time": "1.102",
    "fwd_time": "7.101"
}
{
    "process": "gptq",
    "layer": 5,
    "module": "self_attn.q_proj",
    "loss": "8.79831886",
    "samples": "1024",
    "damp": "0.01000",
    "time": "1.111",
    "fwd_time": "7.101"
}
{
    "process": "gptq",
    "layer": 5,
    "module": "self_attn.o_proj",
    "loss": "0.06368764",
    "samples": "1024",
    "damp": "0.01000",
    "time": "1.102",
    "fwd_time": "4.659"
}
{
    "process": "gptq",
    "layer": 5,
    "module": "mlp.up_proj",
    "loss": "5.15129328",
    "samples": "1024",
    "damp": "0.01000",
    "time": "1.108",
    "fwd_time": "5.942"
}
{
    "process": "gptq",
    "layer": 5,
    "module": "mlp.gate_proj",
    "loss": "6.41217232",
    "samples": "1024",
    "damp": "0.01000",
    "time": "1.108",
    "fwd_time": "5.942"
}
{
    "process": "gptq",
    "layer": 5,
    "module": "mlp.down_proj",
    "loss": "0.20597419",
    "samples": "1024",
    "damp": "0.01000",
    "time": "3.227",
    "fwd_time": "12.226"
}
{
    "process": "gptq",
    "layer": 6,
    "module": "self_attn.k_proj",
    "loss": "13.64165115",
    "samples": "1024",
    "damp": "0.01000",
    "time": "1.102",
    "fwd_time": "7.108"
}
{
    "process": "gptq",
    "layer": 6,
    "module": "self_attn.v_proj",
    "loss": "3.80063772",
    "samples": "1024",
    "damp": "0.01000",
    "time": "1.104",
    "fwd_time": "7.108"
}
{
    "process": "gptq",
    "layer": 6,
    "module": "self_attn.q_proj",
    "loss": "13.13027191",
    "samples": "1024",
    "damp": "0.01000",
    "time": "1.111",
    "fwd_time": "7.108"
}
{
    "process": "gptq",
    "layer": 6,
    "module": "self_attn.o_proj",
    "loss": "0.07854568",
    "samples": "1024",
    "damp": "0.01000",
    "time": "1.101",
    "fwd_time": "4.656"
}
{
    "process": "gptq",
    "layer": 6,
    "module": "mlp.up_proj",
    "loss": "6.39895916",
    "samples": "1024",
    "damp": "0.01000",
    "time": "1.107",
    "fwd_time": "5.939"
}
{
    "process": "gptq",
    "layer": 6,
    "module": "mlp.gate_proj",
    "loss": "8.29416466",
    "samples": "1024",
    "damp": "0.01000",
    "time": "1.110",
    "fwd_time": "5.939"
}
{
    "process": "gptq",
    "layer": 6,
    "module": "mlp.down_proj",
    "loss": "0.29898924",
    "samples": "1024",
    "damp": "0.01000",
    "time": "3.226",
    "fwd_time": "12.224"
}
{
    "process": "gptq",
    "layer": 7,
    "module": "self_attn.k_proj",
    "loss": "14.62653065",
    "samples": "1024",
    "damp": "0.01000",
    "time": "1.103",
    "fwd_time": "7.106"
}
{
    "process": "gptq",
    "layer": 7,
    "module": "self_attn.v_proj",
    "loss": "4.30466270",
    "samples": "1024",
    "damp": "0.01000",
    "time": "1.103",
    "fwd_time": "7.106"
}
{
    "process": "gptq",
    "layer": 7,
    "module": "self_attn.q_proj",
    "loss": "14.42641354",
    "samples": "1024",
    "damp": "0.01000",
    "time": "1.112",
    "fwd_time": "7.106"
}
{
    "process": "gptq",
    "layer": 7,
    "module": "self_attn.o_proj",
    "loss": "0.11204509",
    "samples": "1024",
    "damp": "0.01000",
    "time": "1.101",
    "fwd_time": "4.662"
}
{
    "process": "gptq",
    "layer": 7,
    "module": "mlp.up_proj",
    "loss": "7.41313314",
    "samples": "1024",
    "damp": "0.01000",
    "time": "1.115",
    "fwd_time": "5.942"
}
{
    "process": "gptq",
    "layer": 7,
    "module": "mlp.gate_proj",
    "loss": "9.53664875",
    "samples": "1024",
    "damp": "0.01000",
    "time": "1.110",
    "fwd_time": "5.942"
}
{
    "process": "gptq",
    "layer": 7,
    "module": "mlp.down_proj",
    "loss": "0.39731279",
    "samples": "1024",
    "damp": "0.01000",
    "time": "3.230",
    "fwd_time": "12.229"
}
{
    "process": "gptq",
    "layer": 8,
    "module": "self_attn.k_proj",
    "loss": "14.74476433",
    "samples": "1024",
    "damp": "0.01000",
    "time": "1.103",
    "fwd_time": "7.104"
}
{
    "process": "gptq",
    "layer": 8,
    "module": "self_attn.v_proj",
    "loss": "4.41183710",
    "samples": "1024",
    "damp": "0.01000",
    "time": "1.104",
    "fwd_time": "7.104"
}
{
    "process": "gptq",
    "layer": 8,
    "module": "self_attn.q_proj",
    "loss": "14.63335419",
    "samples": "1024",
    "damp": "0.01000",
    "time": "1.111",
    "fwd_time": "7.104"
}
{
    "process": "gptq",
    "layer": 8,
    "module": "self_attn.o_proj",
    "loss": "0.17107560",
    "samples": "1024",
    "damp": "0.01000",
    "time": "1.104",
    "fwd_time": "4.662"
}
{
    "process": "gptq",
    "layer": 8,
    "module": "mlp.up_proj",
    "loss": "8.01981831",
    "samples": "1024",
    "damp": "0.01000",
    "time": "1.104",
    "fwd_time": "5.941"
}
{
    "process": "gptq",
    "layer": 8,
    "module": "mlp.gate_proj",
    "loss": "9.76104736",
    "samples": "1024",
    "damp": "0.01000",
    "time": "1.107",
    "fwd_time": "5.941"
}
{
    "process": "gptq",
    "layer": 8,
    "module": "mlp.down_proj",
    "loss": "0.47696617",
    "samples": "1024",
    "damp": "0.01000",
    "time": "3.238",
    "fwd_time": "12.228"
}
{
    "process": "gptq",
    "layer": 9,
    "module": "self_attn.k_proj",
    "loss": "16.26638222",
    "samples": "1024",
    "damp": "0.01000",
    "time": "1.083",
    "fwd_time": "7.099"
}
{
    "process": "gptq",
    "layer": 9,
    "module": "self_attn.v_proj",
    "loss": "4.89102173",
    "samples": "1024",
    "damp": "0.01000",
    "time": "1.072",
    "fwd_time": "7.099"
}
{
    "process": "gptq",
    "layer": 9,
    "module": "self_attn.q_proj",
    "loss": "15.36195564",
    "samples": "1024",
    "damp": "0.01000",
    "time": "1.098",
    "fwd_time": "7.099"
}
{
    "process": "gptq",
    "layer": 9,
    "module": "self_attn.o_proj",
    "loss": "0.23398694",
    "samples": "1024",
    "damp": "0.01000",
    "time": "1.109",
    "fwd_time": "4.650"
}
{
    "process": "gptq",
    "layer": 9,
    "module": "mlp.up_proj",
    "loss": "8.82264900",
    "samples": "1024",
    "damp": "0.01000",
    "time": "1.094",
    "fwd_time": "5.934"
}
{
    "process": "gptq",
    "layer": 9,
    "module": "mlp.gate_proj",
    "loss": "10.39699650",
    "samples": "1024",
    "damp": "0.01000",
    "time": "1.098",
    "fwd_time": "5.934"
}
{
    "process": "gptq",
    "layer": 9,
    "module": "mlp.down_proj",
    "loss": "0.55122107",
    "samples": "1024",
    "damp": "0.01000",
    "time": "3.194",
    "fwd_time": "12.208"
}
{
    "process": "gptq",
    "layer": 10,
    "module": "self_attn.k_proj",
    "loss": "17.19866943",
    "samples": "1024",
    "damp": "0.01000",
    "time": "1.088",
    "fwd_time": "7.090"
}
{
    "process": "gptq",
    "layer": 10,
    "module": "self_attn.v_proj",
    "loss": "5.04746151",
    "samples": "1024",
    "damp": "0.01000",
    "time": "1.079",
    "fwd_time": "7.090"
}
{
    "process": "gptq",
    "layer": 10,
    "module": "self_attn.q_proj",
    "loss": "15.85415936",
    "samples": "1024",
    "damp": "0.01000",
    "time": "1.094",
    "fwd_time": "7.090"
}
{
    "process": "gptq",
    "layer": 10,
    "module": "self_attn.o_proj",
    "loss": "0.31857392",
    "samples": "1024",
    "damp": "0.01000",
    "time": "1.089",
    "fwd_time": "4.644"
}
{
    "process": "gptq",
    "layer": 10,
    "module": "mlp.up_proj",
    "loss": "9.38517952",
    "samples": "1024",
    "damp": "0.01000",
    "time": "1.093",
    "fwd_time": "5.930"
}
{
    "process": "gptq",
    "layer": 10,
    "module": "mlp.gate_proj",
    "loss": "10.76703453",
    "samples": "1024",
    "damp": "0.01000",
    "time": "1.100",
    "fwd_time": "5.930"
}
{
    "process": "gptq",
    "layer": 10,
    "module": "mlp.down_proj",
    "loss": "0.63598156",
    "samples": "1024",
    "damp": "0.01000",
    "time": "3.190",
    "fwd_time": "12.202"
}
{
    "process": "gptq",
    "layer": 11,
    "module": "self_attn.k_proj",
    "loss": "17.83189964",
    "samples": "1024",
    "damp": "0.01000",
    "time": "1.092",
    "fwd_time": "7.097"
}
{
    "process": "gptq",
    "layer": 11,
    "module": "self_attn.v_proj",
    "loss": "6.74726200",
    "samples": "1024",
    "damp": "0.01000",
    "time": "1.092",
    "fwd_time": "7.097"
}
{
    "process": "gptq",
    "layer": 11,
    "module": "self_attn.q_proj",
    "loss": "17.74293900",
    "samples": "1024",
    "damp": "0.01000",
    "time": "1.099",
    "fwd_time": "7.097"
}
{
    "process": "gptq",
    "layer": 11,
    "module": "self_attn.o_proj",
    "loss": "0.32208845",
    "samples": "1024",
    "damp": "0.01000",
    "time": "1.092",
    "fwd_time": "4.647"
}
{
    "process": "gptq",
    "layer": 11,
    "module": "mlp.up_proj",
    "loss": "10.37499428",
    "samples": "1024",
    "damp": "0.01000",
    "time": "1.097",
    "fwd_time": "5.931"
}
{
    "process": "gptq",
    "layer": 11,
    "module": "mlp.gate_proj",
    "loss": "11.62375355",
    "samples": "1024",
    "damp": "0.01000",
    "time": "1.095",
    "fwd_time": "5.931"
}
{
    "process": "gptq",
    "layer": 11,
    "module": "mlp.down_proj",
    "loss": "0.72252452",
    "samples": "1024",
    "damp": "0.01000",
    "time": "3.196",
    "fwd_time": "12.206"
}
{
    "process": "gptq",
    "layer": 12,
    "module": "self_attn.k_proj",
    "loss": "19.96008873",
    "samples": "1024",
    "damp": "0.01000",
    "time": "1.088",
    "fwd_time": "7.100"
}
{
    "process": "gptq",
    "layer": 12,
    "module": "self_attn.v_proj",
    "loss": "6.65301466",
    "samples": "1024",
    "damp": "0.01000",
    "time": "1.090",
    "fwd_time": "7.100"
}
{
    "process": "gptq",
    "layer": 12,
    "module": "self_attn.q_proj",
    "loss": "18.54767990",
    "samples": "1024",
    "damp": "0.01000",
    "time": "1.097",
    "fwd_time": "7.100"
}
{
    "process": "gptq",
    "layer": 12,
    "module": "self_attn.o_proj",
    "loss": "0.38451010",
    "samples": "1024",
    "damp": "0.01000",
    "time": "1.085",
    "fwd_time": "4.645"
}
{
    "process": "gptq",
    "layer": 12,
    "module": "mlp.up_proj",
    "loss": "11.21557426",
    "samples": "1024",
    "damp": "0.01000",
    "time": "1.094",
    "fwd_time": "5.931"
}
{
    "process": "gptq",
    "layer": 12,
    "module": "mlp.gate_proj",
    "loss": "12.18866920",
    "samples": "1024",
    "damp": "0.01000",
    "time": "1.094",
    "fwd_time": "5.931"
}
{
    "process": "gptq",
    "layer": 12,
    "module": "mlp.down_proj",
    "loss": "0.85423946",
    "samples": "1024",
    "damp": "0.01000",
    "time": "3.192",
    "fwd_time": "12.213"
}
{
    "process": "gptq",
    "layer": 13,
    "module": "self_attn.k_proj",
    "loss": "19.82232285",
    "samples": "1024",
    "damp": "0.01000",
    "time": "1.092",
    "fwd_time": "7.093"
}
{
    "process": "gptq",
    "layer": 13,
    "module": "self_attn.v_proj",
    "loss": "7.42160273",
    "samples": "1024",
    "damp": "0.01000",
    "time": "1.092",
    "fwd_time": "7.093"
}
{
    "process": "gptq",
    "layer": 13,
    "module": "self_attn.q_proj",
    "loss": "19.12645531",
    "samples": "1024",
    "damp": "0.01000",
    "time": "1.099",
    "fwd_time": "7.093"
}
{
    "process": "gptq",
    "layer": 13,
    "module": "self_attn.o_proj",
    "loss": "0.43024725",
    "samples": "1024",
    "damp": "0.01000",
    "time": "1.091",
    "fwd_time": "4.649"
}
{
    "process": "gptq",
    "layer": 13,
    "module": "mlp.up_proj",
    "loss": "12.12476349",
    "samples": "1024",
    "damp": "0.01000",
    "time": "1.094",
    "fwd_time": "5.932"
}
{
    "process": "gptq",
    "layer": 13,
    "module": "mlp.gate_proj",
    "loss": "12.82659149",
    "samples": "1024",
    "damp": "0.01000",
    "time": "1.095",
    "fwd_time": "5.932"
}
{
    "process": "gptq",
    "layer": 13,
    "module": "mlp.down_proj",
    "loss": "1.07003963",
    "samples": "1024",
    "damp": "0.01000",
    "time": "3.195",
    "fwd_time": "12.207"
}
{
    "process": "gptq",
    "layer": 14,
    "module": "self_attn.k_proj",
    "loss": "20.65893555",
    "samples": "1024",
    "damp": "0.01000",
    "time": "1.089",
    "fwd_time": "7.090"
}
{
    "process": "gptq",
    "layer": 14,
    "module": "self_attn.v_proj",
    "loss": "7.42222691",
    "samples": "1024",
    "damp": "0.01000",
    "time": "1.092",
    "fwd_time": "7.090"
}
{
    "process": "gptq",
    "layer": 14,
    "module": "self_attn.q_proj",
    "loss": "19.42320633",
    "samples": "1024",
    "damp": "0.01000",
    "time": "1.100",
    "fwd_time": "7.090"
}
{
    "process": "gptq",
    "layer": 14,
    "module": "self_attn.o_proj",
    "loss": "0.55856729",
    "samples": "1024",
    "damp": "0.01000",
    "time": "1.090",
    "fwd_time": "4.652"
}
{
    "process": "gptq",
    "layer": 14,
    "module": "mlp.up_proj",
    "loss": "13.39418507",
    "samples": "1024",
    "damp": "0.01000",
    "time": "1.093",
    "fwd_time": "5.939"
}
{
    "process": "gptq",
    "layer": 14,
    "module": "mlp.gate_proj",
    "loss": "14.07406616",
    "samples": "1024",
    "damp": "0.01000",
    "time": "1.093",
    "fwd_time": "5.939"
}
{
    "process": "gptq",
    "layer": 14,
    "module": "mlp.down_proj",
    "loss": "1.28730023",
    "samples": "1024",
    "damp": "0.01000",
    "time": "3.196",
    "fwd_time": "12.208"
}
{
    "process": "gptq",
    "layer": 15,
    "module": "self_attn.k_proj",
    "loss": "20.15447426",
    "samples": "1024",
    "damp": "0.01000",
    "time": "1.089",
    "fwd_time": "7.100"
}
{
    "process": "gptq",
    "layer": 15,
    "module": "self_attn.v_proj",
    "loss": "7.79816484",
    "samples": "1024",
    "damp": "0.01000",
    "time": "1.092",
    "fwd_time": "7.100"
}
{
    "process": "gptq",
    "layer": 15,
    "module": "self_attn.q_proj",
    "loss": "18.70947456",
    "samples": "1024",
    "damp": "0.01000",
    "time": "1.102",
    "fwd_time": "7.100"
}
{
    "process": "gptq",
    "layer": 15,
    "module": "self_attn.o_proj",
    "loss": "0.61173475",
    "samples": "1024",
    "damp": "0.01000",
    "time": "1.092",
    "fwd_time": "4.651"
}
{
    "process": "gptq",
    "layer": 15,
    "module": "mlp.up_proj",
    "loss": "14.62893677",
    "samples": "1024",
    "damp": "0.01000",
    "time": "1.096",
    "fwd_time": "5.933"
}
{
    "process": "gptq",
    "layer": 15,
    "module": "mlp.gate_proj",
    "loss": "15.34453773",
    "samples": "1024",
    "damp": "0.01000",
    "time": "1.095",
    "fwd_time": "5.933"
}
{
    "process": "gptq",
    "layer": 15,
    "module": "mlp.down_proj",
    "loss": "1.60408258",
    "samples": "1024",
    "damp": "0.01000",
    "time": "3.196",
    "fwd_time": "12.215"
}
{
    "process": "gptq",
    "layer": 16,
    "module": "self_attn.k_proj",
    "loss": "20.70285034",
    "samples": "1024",
    "damp": "0.01000",
    "time": "1.089",
    "fwd_time": "7.104"
}
{
    "process": "gptq",
    "layer": 16,
    "module": "self_attn.v_proj",
    "loss": "8.94511986",
    "samples": "1024",
    "damp": "0.01000",
    "time": "1.091",
    "fwd_time": "7.104"
}
{
    "process": "gptq",
    "layer": 16,
    "module": "self_attn.q_proj",
    "loss": "19.51438713",
    "samples": "1024",
    "damp": "0.01000",
    "time": "1.099",
    "fwd_time": "7.104"
}
{
    "process": "gptq",
    "layer": 16,
    "module": "self_attn.o_proj",
    "loss": "0.84432375",
    "samples": "1024",
    "damp": "0.01000",
    "time": "1.091",
    "fwd_time": "4.645"
}
{
    "process": "gptq",
    "layer": 16,
    "module": "mlp.up_proj",
    "loss": "16.32823181",
    "samples": "1024",
    "damp": "0.01000",
    "time": "1.092",
    "fwd_time": "5.933"
}
{
    "process": "gptq",
    "layer": 16,
    "module": "mlp.gate_proj",
    "loss": "17.37023926",
    "samples": "1024",
    "damp": "0.01000",
    "time": "1.094",
    "fwd_time": "5.933"
}
{
    "process": "gptq",
    "layer": 16,
    "module": "mlp.down_proj",
    "loss": "2.15154839",
    "samples": "1024",
    "damp": "0.01000",
    "time": "3.191",
    "fwd_time": "12.214"
}
{
    "process": "gptq",
    "layer": 17,
    "module": "self_attn.k_proj",
    "loss": "21.18161011",
    "samples": "1024",
    "damp": "0.01000",
    "time": "1.092",
    "fwd_time": "7.102"
}
{
    "process": "gptq",
    "layer": 17,
    "module": "self_attn.v_proj",
    "loss": "9.43617630",
    "samples": "1024",
    "damp": "0.01000",
    "time": "1.092",
    "fwd_time": "7.102"
}
{
    "process": "gptq",
    "layer": 17,
    "module": "self_attn.q_proj",
    "loss": "20.27746964",
    "samples": "1024",
    "damp": "0.01000",
    "time": "1.097",
    "fwd_time": "7.102"
}
{
    "process": "gptq",
    "layer": 17,
    "module": "self_attn.o_proj",
    "loss": "0.62935841",
    "samples": "1024",
    "damp": "0.01000",
    "time": "1.091",
    "fwd_time": "4.654"
}
{
    "process": "gptq",
    "layer": 17,
    "module": "mlp.up_proj",
    "loss": "18.63980865",
    "samples": "1024",
    "damp": "0.01000",
    "time": "1.096",
    "fwd_time": "5.937"
}
{
    "process": "gptq",
    "layer": 17,
    "module": "mlp.gate_proj",
    "loss": "20.36734962",
    "samples": "1024",
    "damp": "0.01000",
    "time": "1.096",
    "fwd_time": "5.937"
}
{
    "process": "gptq",
    "layer": 17,
    "module": "mlp.down_proj",
    "loss": "2.44898319",
    "samples": "1024",
    "damp": "0.01000",
    "time": "3.197",
    "fwd_time": "12.225"
}
{
    "process": "gptq",
    "layer": 18,
    "module": "self_attn.k_proj",
    "loss": "22.91432571",
    "samples": "1024",
    "damp": "0.01000",
    "time": "1.089",
    "fwd_time": "7.095"
}
{
    "process": "gptq",
    "layer": 18,
    "module": "self_attn.v_proj",
    "loss": "11.78437424",
    "samples": "1024",
    "damp": "0.01000",
    "time": "1.091",
    "fwd_time": "7.095"
}
{
    "process": "gptq",
    "layer": 18,
    "module": "self_attn.q_proj",
    "loss": "22.18085289",
    "samples": "1024",
    "damp": "0.01000",
    "time": "1.096",
    "fwd_time": "7.095"
}
{
    "process": "gptq",
    "layer": 18,
    "module": "self_attn.o_proj",
    "loss": "0.69053507",
    "samples": "1024",
    "damp": "0.01000",
    "time": "1.085",
    "fwd_time": "4.653"
}
{
    "process": "gptq",
    "layer": 18,
    "module": "mlp.up_proj",
    "loss": "20.86330414",
    "samples": "1024",
    "damp": "0.01000",
    "time": "1.094",
    "fwd_time": "5.934"
}
{
    "process": "gptq",
    "layer": 18,
    "module": "mlp.gate_proj",
    "loss": "23.32604218",
    "samples": "1024",
    "damp": "0.01000",
    "time": "1.092",
    "fwd_time": "5.934"
}
{
    "process": "gptq",
    "layer": 18,
    "module": "mlp.down_proj",
    "loss": "2.91675425",
    "samples": "1024",
    "damp": "0.01000",
    "time": "3.190",
    "fwd_time": "12.226"
}
{
    "process": "gptq",
    "layer": 19,
    "module": "self_attn.k_proj",
    "loss": "22.28747940",
    "samples": "1024",
    "damp": "0.01000",
    "time": "1.093",
    "fwd_time": "7.101"
}
{
    "process": "gptq",
    "layer": 19,
    "module": "self_attn.v_proj",
    "loss": "11.89504051",
    "samples": "1024",
    "damp": "0.01000",
    "time": "1.093",
    "fwd_time": "7.101"
}
{
    "process": "gptq",
    "layer": 19,
    "module": "self_attn.q_proj",
    "loss": "21.65764809",
    "samples": "1024",
    "damp": "0.01000",
    "time": "1.100",
    "fwd_time": "7.101"
}
{
    "process": "gptq",
    "layer": 19,
    "module": "self_attn.o_proj",
    "loss": "0.70026797",
    "samples": "1024",
    "damp": "0.01000",
    "time": "1.089",
    "fwd_time": "4.656"
}
{
    "process": "gptq",
    "layer": 19,
    "module": "mlp.up_proj",
    "loss": "22.59379959",
    "samples": "1024",
    "damp": "0.01000",
    "time": "1.097",
    "fwd_time": "5.937"
}
{
    "process": "gptq",
    "layer": 19,
    "module": "mlp.gate_proj",
    "loss": "25.44660950",
    "samples": "1024",
    "damp": "0.01000",
    "time": "1.096",
    "fwd_time": "5.937"
}
{
    "process": "gptq",
    "layer": 19,
    "module": "mlp.down_proj",
    "loss": "3.29201031",
    "samples": "1024",
    "damp": "0.01000",
    "time": "3.198",
    "fwd_time": "12.227"
}
{
    "process": "gptq",
    "layer": 20,
    "module": "self_attn.k_proj",
    "loss": "22.94560814",
    "samples": "1024",
    "damp": "0.01000",
    "time": "1.089",
    "fwd_time": "7.105"
}
{
    "process": "gptq",
    "layer": 20,
    "module": "self_attn.v_proj",
    "loss": "12.48020935",
    "samples": "1024",
    "damp": "0.01000",
    "time": "1.090",
    "fwd_time": "7.105"
}
{
    "process": "gptq",
    "layer": 20,
    "module": "self_attn.q_proj",
    "loss": "22.36756516",
    "samples": "1024",
    "damp": "0.01000",
    "time": "1.098",
    "fwd_time": "7.105"
}
{
    "process": "gptq",
    "layer": 20,
    "module": "self_attn.o_proj",
    "loss": "0.83946431",
    "samples": "1024",
    "damp": "0.01000",
    "time": "1.089",
    "fwd_time": "4.654"
}
{
    "process": "gptq",
    "layer": 20,
    "module": "mlp.up_proj",
    "loss": "23.78871918",
    "samples": "1024",
    "damp": "0.01000",
    "time": "1.093",
    "fwd_time": "5.933"
}
{
    "process": "gptq",
    "layer": 20,
    "module": "mlp.gate_proj",
    "loss": "27.10577011",
    "samples": "1024",
    "damp": "0.01000",
    "time": "1.091",
    "fwd_time": "5.933"
}
{
    "process": "gptq",
    "layer": 20,
    "module": "mlp.down_proj",
    "loss": "3.89168906",
    "samples": "1024",
    "damp": "0.01000",
    "time": "3.197",
    "fwd_time": "12.220"
}
{
    "process": "gptq",
    "layer": 21,
    "module": "self_attn.k_proj",
    "loss": "23.93202591",
    "samples": "1024",
    "damp": "0.01000",
    "time": "1.091",
    "fwd_time": "7.090"
}
{
    "process": "gptq",
    "layer": 21,
    "module": "self_attn.v_proj",
    "loss": "14.75501633",
    "samples": "1024",
    "damp": "0.01000",
    "time": "1.092",
    "fwd_time": "7.090"
}
{
    "process": "gptq",
    "layer": 21,
    "module": "self_attn.q_proj",
    "loss": "23.84703636",
    "samples": "1024",
    "damp": "0.01000",
    "time": "1.101",
    "fwd_time": "7.090"
}
{
    "process": "gptq",
    "layer": 21,
    "module": "self_attn.o_proj",
    "loss": "0.76826483",
    "samples": "1024",
    "damp": "0.01000",
    "time": "1.091",
    "fwd_time": "4.663"
}
{
    "process": "gptq",
    "layer": 21,
    "module": "mlp.up_proj",
    "loss": "25.57815552",
    "samples": "1024",
    "damp": "0.01000",
    "time": "1.096",
    "fwd_time": "5.934"
}
{
    "process": "gptq",
    "layer": 21,
    "module": "mlp.gate_proj",
    "loss": "29.63569260",
    "samples": "1024",
    "damp": "0.01000",
    "time": "1.097",
    "fwd_time": "5.934"
}
{
    "process": "gptq",
    "layer": 21,
    "module": "mlp.down_proj",
    "loss": "4.05853510",
    "samples": "1024",
    "damp": "0.01000",
    "time": "3.197",
    "fwd_time": "12.219"
}
{
    "process": "gptq",
    "layer": 22,
    "module": "self_attn.k_proj",
    "loss": "25.93625259",
    "samples": "1024",
    "damp": "0.01000",
    "time": "1.093",
    "fwd_time": "7.091"
}
{
    "process": "gptq",
    "layer": 22,
    "module": "self_attn.v_proj",
    "loss": "15.39640999",
    "samples": "1024",
    "damp": "0.01000",
    "time": "1.090",
    "fwd_time": "7.091"
}
{
    "process": "gptq",
    "layer": 22,
    "module": "self_attn.q_proj",
    "loss": "25.68088722",
    "samples": "1024",
    "damp": "0.01000",
    "time": "1.100",
    "fwd_time": "7.091"
}
{
    "process": "gptq",
    "layer": 22,
    "module": "self_attn.o_proj",
    "loss": "1.02648604",
    "samples": "1024",
    "damp": "0.01000",
    "time": "1.090",
    "fwd_time": "4.648"
}
{
    "process": "gptq",
    "layer": 22,
    "module": "mlp.up_proj",
    "loss": "26.99485779",
    "samples": "1024",
    "damp": "0.01000",
    "time": "1.096",
    "fwd_time": "5.934"
}
{
    "process": "gptq",
    "layer": 22,
    "module": "mlp.gate_proj",
    "loss": "31.71419525",
    "samples": "1024",
    "damp": "0.01000",
    "time": "1.095",
    "fwd_time": "5.934"
}
{
    "process": "gptq",
    "layer": 22,
    "module": "mlp.down_proj",
    "loss": "4.58871603",
    "samples": "1024",
    "damp": "0.01000",
    "time": "3.197",
    "fwd_time": "12.204"
}
{
    "process": "gptq",
    "layer": 23,
    "module": "self_attn.k_proj",
    "loss": "28.14896774",
    "samples": "1024",
    "damp": "0.01000",
    "time": "1.090",
    "fwd_time": "7.092"
}
{
    "process": "gptq",
    "layer": 23,
    "module": "self_attn.v_proj",
    "loss": "18.99027824",
    "samples": "1024",
    "damp": "0.01000",
    "time": "1.091",
    "fwd_time": "7.092"
}
{
    "process": "gptq",
    "layer": 23,
    "module": "self_attn.q_proj",
    "loss": "28.19550705",
    "samples": "1024",
    "damp": "0.01000",
    "time": "1.101",
    "fwd_time": "7.092"
}
{
    "process": "gptq",
    "layer": 23,
    "module": "self_attn.o_proj",
    "loss": "1.02839112",
    "samples": "1024",
    "damp": "0.01000",
    "time": "1.090",
    "fwd_time": "4.658"
}
{
    "process": "gptq",
    "layer": 23,
    "module": "mlp.up_proj",
    "loss": "29.41754532",
    "samples": "1024",
    "damp": "0.01000",
    "time": "1.098",
    "fwd_time": "5.932"
}
{
    "process": "gptq",
    "layer": 23,
    "module": "mlp.gate_proj",
    "loss": "34.16923523",
    "samples": "1024",
    "damp": "0.01000",
    "time": "1.097",
    "fwd_time": "5.932"
}
{
    "process": "gptq",
    "layer": 23,
    "module": "mlp.down_proj",
    "loss": "5.01016235",
    "samples": "1024",
    "damp": "0.01000",
    "time": "3.197",
    "fwd_time": "12.217"
}
{
    "process": "gptq",
    "layer": 24,
    "module": "self_attn.k_proj",
    "loss": "26.40409470",
    "samples": "1024",
    "damp": "0.01000",
    "time": "1.090",
    "fwd_time": "7.095"
}
{
    "process": "gptq",
    "layer": 24,
    "module": "self_attn.v_proj",
    "loss": "18.35625648",
    "samples": "1024",
    "damp": "0.01000",
    "time": "1.089",
    "fwd_time": "7.095"
}
{
    "process": "gptq",
    "layer": 24,
    "module": "self_attn.q_proj",
    "loss": "26.32875824",
    "samples": "1024",
    "damp": "0.01000",
    "time": "1.097",
    "fwd_time": "7.095"
}
{
    "process": "gptq",
    "layer": 24,
    "module": "self_attn.o_proj",
    "loss": "1.11576915",
    "samples": "1024",
    "damp": "0.01000",
    "time": "1.089",
    "fwd_time": "4.647"
}
{
    "process": "gptq",
    "layer": 24,
    "module": "mlp.up_proj",
    "loss": "31.31968689",
    "samples": "1024",
    "damp": "0.01000",
    "time": "1.084",
    "fwd_time": "5.933"
}
{
    "process": "gptq",
    "layer": 24,
    "module": "mlp.gate_proj",
    "loss": "36.38970184",
    "samples": "1024",
    "damp": "0.01000",
    "time": "1.060",
    "fwd_time": "5.933"
}
{
    "process": "gptq",
    "layer": 24,
    "module": "mlp.down_proj",
    "loss": "5.38107872",
    "samples": "1024",
    "damp": "0.01000",
    "time": "3.179",
    "fwd_time": "12.215"
}
{
    "process": "gptq",
    "layer": 25,
    "module": "self_attn.k_proj",
    "loss": "30.65612984",
    "samples": "1024",
    "damp": "0.01000",
    "time": "1.100",
    "fwd_time": "7.106"
}
{
    "process": "gptq",
    "layer": 25,
    "module": "self_attn.v_proj",
    "loss": "23.07060051",
    "samples": "1024",
    "damp": "0.01000",
    "time": "1.101",
    "fwd_time": "7.106"
}
{
    "process": "gptq",
    "layer": 25,
    "module": "self_attn.q_proj",
    "loss": "30.83819199",
    "samples": "1024",
    "damp": "0.01000",
    "time": "1.111",
    "fwd_time": "7.106"
}
{
    "process": "gptq",
    "layer": 25,
    "module": "self_attn.o_proj",
    "loss": "0.88815802",
    "samples": "1024",
    "damp": "0.01000",
    "time": "1.100",
    "fwd_time": "4.654"
}
{
    "process": "gptq",
    "layer": 25,
    "module": "mlp.up_proj",
    "loss": "33.88777924",
    "samples": "1024",
    "damp": "0.01000",
    "time": "1.103",
    "fwd_time": "5.946"
}
{
    "process": "gptq",
    "layer": 25,
    "module": "mlp.gate_proj",
    "loss": "39.16744232",
    "samples": "1024",
    "damp": "0.01000",
    "time": "1.107",
    "fwd_time": "5.946"
}
{
    "process": "gptq",
    "layer": 25,
    "module": "mlp.down_proj",
    "loss": "5.87607765",
    "samples": "1024",
    "damp": "0.01000",
    "time": "3.218",
    "fwd_time": "12.241"
}
{
    "process": "gptq",
    "layer": 26,
    "module": "self_attn.k_proj",
    "loss": "29.20911026",
    "samples": "1024",
    "damp": "0.01000",
    "time": "1.099",
    "fwd_time": "7.112"
}
{
    "process": "gptq",
    "layer": 26,
    "module": "self_attn.v_proj",
    "loss": "22.88753510",
    "samples": "1024",
    "damp": "0.01000",
    "time": "1.101",
    "fwd_time": "7.112"
}
{
    "process": "gptq",
    "layer": 26,
    "module": "self_attn.q_proj",
    "loss": "29.24261093",
    "samples": "1024",
    "damp": "0.01000",
    "time": "1.109",
    "fwd_time": "7.112"
}
{
    "process": "gptq",
    "layer": 26,
    "module": "self_attn.o_proj",
    "loss": "1.48735750",
    "samples": "1024",
    "damp": "0.01000",
    "time": "1.099",
    "fwd_time": "4.656"
}
{
    "process": "gptq",
    "layer": 26,
    "module": "mlp.up_proj",
    "loss": "36.33382034",
    "samples": "1024",
    "damp": "0.01000",
    "time": "1.104",
    "fwd_time": "5.947"
}
{
    "process": "gptq",
    "layer": 26,
    "module": "mlp.gate_proj",
    "loss": "41.92334747",
    "samples": "1024",
    "damp": "0.01000",
    "time": "1.103",
    "fwd_time": "5.947"
}
{
    "process": "gptq",
    "layer": 26,
    "module": "mlp.down_proj",
    "loss": "6.55884504",
    "samples": "1024",
    "damp": "0.01000",
    "time": "3.201",
    "fwd_time": "12.219"
}
{
    "process": "gptq",
    "layer": 27,
    "module": "self_attn.k_proj",
    "loss": "32.27070999",
    "samples": "1024",
    "damp": "0.01000",
    "time": "1.102",
    "fwd_time": "7.109"
}
{
    "process": "gptq",
    "layer": 27,
    "module": "self_attn.v_proj",
    "loss": "24.01595688",
    "samples": "1024",
    "damp": "0.01000",
    "time": "1.102",
    "fwd_time": "7.109"
}
{
    "process": "gptq",
    "layer": 27,
    "module": "self_attn.q_proj",
    "loss": "32.28226471",
    "samples": "1024",
    "damp": "0.01000",
    "time": "1.109",
    "fwd_time": "7.109"
}
{
    "process": "gptq",
    "layer": 27,
    "module": "self_attn.o_proj",
    "loss": "1.35533357",
    "samples": "1024",
    "damp": "0.01000",
    "time": "1.102",
    "fwd_time": "4.661"
}
{
    "process": "gptq",
    "layer": 27,
    "module": "mlp.up_proj",
    "loss": "38.99456787",
    "samples": "1024",
    "damp": "0.01000",
    "time": "1.104",
    "fwd_time": "5.946"
}
{
    "process": "gptq",
    "layer": 27,
    "module": "mlp.gate_proj",
    "loss": "44.67065811",
    "samples": "1024",
    "damp": "0.01000",
    "time": "1.103",
    "fwd_time": "5.946"
}
{
    "process": "gptq",
    "layer": 27,
    "module": "mlp.down_proj",
    "loss": "7.39648485",
    "samples": "1024",
    "damp": "0.01000",
    "time": "3.215",
    "fwd_time": "12.220"
}
{
    "process": "gptq",
    "layer": 28,
    "module": "self_attn.k_proj",
    "loss": "31.70418930",
    "samples": "1024",
    "damp": "0.01000",
    "time": "1.099",
    "fwd_time": "7.107"
}
{
    "process": "gptq",
    "layer": 28,
    "module": "self_attn.v_proj",
    "loss": "26.44991684",
    "samples": "1024",
    "damp": "0.01000",
    "time": "1.100",
    "fwd_time": "7.107"
}
{
    "process": "gptq",
    "layer": 28,
    "module": "self_attn.q_proj",
    "loss": "31.71984673",
    "samples": "1024",
    "damp": "0.01000",
    "time": "1.102",
    "fwd_time": "7.107"
}
{
    "process": "gptq",
    "layer": 28,
    "module": "self_attn.o_proj",
    "loss": "1.76101887",
    "samples": "1024",
    "damp": "0.01000",
    "time": "1.095",
    "fwd_time": "4.659"
}
{
    "process": "gptq",
    "layer": 28,
    "module": "mlp.up_proj",
    "loss": "41.75802612",
    "samples": "1024",
    "damp": "0.01000",
    "time": "1.102",
    "fwd_time": "5.943"
}
{
    "process": "gptq",
    "layer": 28,
    "module": "mlp.gate_proj",
    "loss": "46.52429199",
    "samples": "1024",
    "damp": "0.01000",
    "time": "1.103",
    "fwd_time": "5.943"
}
{
    "process": "gptq",
    "layer": 28,
    "module": "mlp.down_proj",
    "loss": "8.85771561",
    "samples": "1024",
    "damp": "0.01000",
    "time": "3.213",
    "fwd_time": "12.234"
}
{
    "process": "gptq",
    "layer": 29,
    "module": "self_attn.k_proj",
    "loss": "28.03165627",
    "samples": "1024",
    "damp": "0.01000",
    "time": "1.101",
    "fwd_time": "7.108"
}
{
    "process": "gptq",
    "layer": 29,
    "module": "self_attn.v_proj",
    "loss": "24.81534576",
    "samples": "1024",
    "damp": "0.01000",
    "time": "1.101",
    "fwd_time": "7.108"
}
{
    "process": "gptq",
    "layer": 29,
    "module": "self_attn.q_proj",
    "loss": "27.81890869",
    "samples": "1024",
    "damp": "0.01000",
    "time": "1.107",
    "fwd_time": "7.108"
}
{
    "process": "gptq",
    "layer": 29,
    "module": "self_attn.o_proj",
    "loss": "1.59447002",
    "samples": "1024",
    "damp": "0.01000",
    "time": "1.100",
    "fwd_time": "4.661"
}
{
    "process": "gptq",
    "layer": 29,
    "module": "mlp.up_proj",
    "loss": "43.73059082",
    "samples": "1024",
    "damp": "0.01000",
    "time": "1.103",
    "fwd_time": "5.942"
}
{
    "process": "gptq",
    "layer": 29,
    "module": "mlp.gate_proj",
    "loss": "48.10679626",
    "samples": "1024",
    "damp": "0.01000",
    "time": "1.106",
    "fwd_time": "5.942"
}
{
    "process": "gptq",
    "layer": 29,
    "module": "mlp.down_proj",
    "loss": "10.75636864",
    "samples": "1024",
    "damp": "0.01000",
    "time": "3.219",
    "fwd_time": "12.235"
}
{
    "process": "gptq",
    "layer": 30,
    "module": "self_attn.k_proj",
    "loss": "30.03654861",
    "samples": "1024",
    "damp": "0.01000",
    "time": "1.103",
    "fwd_time": "7.107"
}
{
    "process": "gptq",
    "layer": 30,
    "module": "self_attn.v_proj",
    "loss": "27.59151459",
    "samples": "1024",
    "damp": "0.01000",
    "time": "1.103",
    "fwd_time": "7.107"
}
{
    "process": "gptq",
    "layer": 30,
    "module": "self_attn.q_proj",
    "loss": "29.97352219",
    "samples": "1024",
    "damp": "0.01000",
    "time": "1.109",
    "fwd_time": "7.107"
}
{
    "process": "gptq",
    "layer": 30,
    "module": "self_attn.o_proj",
    "loss": "1.98904347",
    "samples": "1024",
    "damp": "0.01000",
    "time": "1.083",
    "fwd_time": "4.669"
}
{
    "process": "gptq",
    "layer": 30,
    "module": "mlp.up_proj",
    "loss": "44.11767197",
    "samples": "1024",
    "damp": "0.01000",
    "time": "1.103",
    "fwd_time": "5.943"
}
{
    "process": "gptq",
    "layer": 30,
    "module": "mlp.gate_proj",
    "loss": "49.14563751",
    "samples": "1024",
    "damp": "0.01000",
    "time": "1.103",
    "fwd_time": "5.943"
}
{
    "process": "gptq",
    "layer": 30,
    "module": "mlp.down_proj",
    "loss": "274149.46875000",
    "samples": "1024",
    "damp": "0.01000",
    "time": "3.214",
    "fwd_time": "12.239"
}
{
    "process": "gptq",
    "layer": 31,
    "module": "self_attn.k_proj",
    "loss": "13.19336700",
    "samples": "1024",
    "damp": "0.01000",
    "time": "1.100",
    "fwd_time": "7.100"
}
{
    "process": "gptq",
    "layer": 31,
    "module": "self_attn.v_proj",
    "loss": "9.26319790",
    "samples": "1024",
    "damp": "0.01000",
    "time": "1.101",
    "fwd_time": "7.100"
}
{
    "process": "gptq",
    "layer": 31,
    "module": "self_attn.q_proj",
    "loss": "12.39338112",
    "samples": "1024",
    "damp": "0.01000",
    "time": "1.110",
    "fwd_time": "7.100"
}
{
    "process": "gptq",
    "layer": 31,
    "module": "self_attn.o_proj",
    "loss": "1.45306730",
    "samples": "1024",
    "damp": "0.01000",
    "time": "1.100",
    "fwd_time": "4.657"
}
{
    "process": "gptq",
    "layer": 31,
    "module": "mlp.up_proj",
    "loss": "17.68967438",
    "samples": "1024",
    "damp": "0.01000",
    "time": "1.105",
    "fwd_time": "5.944"
}
{
    "process": "gptq",
    "layer": 31,
    "module": "mlp.gate_proj",
    "loss": "19.84978485",
    "samples": "1024",
    "damp": "0.01000",
    "time": "1.106",
    "fwd_time": "5.944"
}
{
    "process": "gptq",
    "layer": 31,
    "module": "mlp.down_proj",
    "loss": "9.64772224",
    "samples": "1024",
    "damp": "0.01000",
    "time": "3.222",
    "fwd_time": "12.235"
}
