{
    "process": "gptq",
    "layer": 0,
    "module": "self_attn.k_proj",
    "loss": "1.13654923",
    "samples": "1024",
    "damp": "0.01000",
    "time": "1.267",
    "fwd_time": "7.261"
}
{
    "process": "gptq",
    "layer": 0,
    "module": "self_attn.v_proj",
    "loss": "0.02490635",
    "samples": "1024",
    "damp": "0.01000",
    "time": "1.121",
    "fwd_time": "7.261"
}
{
    "process": "gptq",
    "layer": 0,
    "module": "self_attn.q_proj",
    "loss": "1.57944775",
    "samples": "1024",
    "damp": "0.01000",
    "time": "1.131",
    "fwd_time": "7.261"
}
{
    "process": "gptq",
    "layer": 0,
    "module": "self_attn.o_proj",
    "loss": "0.00081271",
    "samples": "1024",
    "damp": "0.01000",
    "time": "1.118",
    "fwd_time": "4.654"
}
{
    "process": "gptq",
    "layer": 0,
    "module": "mlp.up_proj",
    "loss": "0.67134917",
    "samples": "1024",
    "damp": "0.01000",
    "time": "1.121",
    "fwd_time": "5.929"
}
{
    "process": "gptq",
    "layer": 0,
    "module": "mlp.gate_proj",
    "loss": "0.69676638",
    "samples": "1024",
    "damp": "0.01000",
    "time": "1.120",
    "fwd_time": "5.929"
}
{
    "process": "gptq",
    "layer": 0,
    "module": "mlp.down_proj",
    "loss": "0.00677366",
    "samples": "1024",
    "damp": "0.01000",
    "time": "3.276",
    "fwd_time": "12.216"
}
{
    "process": "gptq",
    "layer": 1,
    "module": "self_attn.k_proj",
    "loss": "4.02541447",
    "samples": "1024",
    "damp": "0.01000",
    "time": "1.120",
    "fwd_time": "7.338"
}
{
    "process": "gptq",
    "layer": 1,
    "module": "self_attn.v_proj",
    "loss": "0.18756780",
    "samples": "1024",
    "damp": "0.01000",
    "time": "1.123",
    "fwd_time": "7.338"
}
{
    "process": "gptq",
    "layer": 1,
    "module": "self_attn.q_proj",
    "loss": "4.19701767",
    "samples": "1024",
    "damp": "0.01000",
    "time": "1.128",
    "fwd_time": "7.338"
}
{
    "process": "gptq",
    "layer": 1,
    "module": "self_attn.o_proj",
    "loss": "0.01947050",
    "samples": "1024",
    "damp": "0.01000",
    "time": "1.121",
    "fwd_time": "4.653"
}
{
    "process": "gptq",
    "layer": 1,
    "module": "mlp.up_proj",
    "loss": "2.76437545",
    "samples": "1024",
    "damp": "0.01000",
    "time": "1.124",
    "fwd_time": "5.932"
}
{
    "process": "gptq",
    "layer": 1,
    "module": "mlp.gate_proj",
    "loss": "3.09972978",
    "samples": "1024",
    "damp": "0.01000",
    "time": "1.124",
    "fwd_time": "5.932"
}
{
    "process": "gptq",
    "layer": 1,
    "module": "mlp.down_proj",
    "loss": "170.90022278",
    "samples": "1024",
    "damp": "0.01000",
    "time": "3.271",
    "fwd_time": "12.211"
}
{
    "process": "gptq",
    "layer": 2,
    "module": "self_attn.k_proj",
    "loss": "8.31410217",
    "samples": "1024",
    "damp": "0.01000",
    "time": "1.118",
    "fwd_time": "7.107"
}
{
    "process": "gptq",
    "layer": 2,
    "module": "self_attn.v_proj",
    "loss": "1.96455359",
    "samples": "1024",
    "damp": "0.01000",
    "time": "1.120",
    "fwd_time": "7.107"
}
{
    "process": "gptq",
    "layer": 2,
    "module": "self_attn.q_proj",
    "loss": "7.76739836",
    "samples": "1024",
    "damp": "0.01000",
    "time": "1.127",
    "fwd_time": "7.107"
}
{
    "process": "gptq",
    "layer": 2,
    "module": "self_attn.o_proj",
    "loss": "0.03212964",
    "samples": "1024",
    "damp": "0.01000",
    "time": "1.118",
    "fwd_time": "4.648"
}
{
    "process": "gptq",
    "layer": 2,
    "module": "mlp.up_proj",
    "loss": "4.51300430",
    "samples": "1024",
    "damp": "0.01000",
    "time": "1.123",
    "fwd_time": "5.927"
}
{
    "process": "gptq",
    "layer": 2,
    "module": "mlp.gate_proj",
    "loss": "5.20392799",
    "samples": "1024",
    "damp": "0.01000",
    "time": "1.123",
    "fwd_time": "5.927"
}
{
    "process": "gptq",
    "layer": 2,
    "module": "mlp.down_proj",
    "loss": "0.07200862",
    "samples": "1024",
    "damp": "0.01000",
    "time": "3.267",
    "fwd_time": "12.219"
}
{
    "process": "gptq",
    "layer": 3,
    "module": "self_attn.k_proj",
    "loss": "24.59805107",
    "samples": "1024",
    "damp": "0.01000",
    "time": "1.120",
    "fwd_time": "7.011"
}
{
    "process": "gptq",
    "layer": 3,
    "module": "self_attn.v_proj",
    "loss": "6.31971741",
    "samples": "1024",
    "damp": "0.01000",
    "time": "1.120",
    "fwd_time": "7.011"
}
{
    "process": "gptq",
    "layer": 3,
    "module": "self_attn.q_proj",
    "loss": "22.76338959",
    "samples": "1024",
    "damp": "0.01000",
    "time": "1.129",
    "fwd_time": "7.011"
}
{
    "process": "gptq",
    "layer": 3,
    "module": "self_attn.o_proj",
    "loss": "0.03370184",
    "samples": "1024",
    "damp": "0.01000",
    "time": "1.120",
    "fwd_time": "4.650"
}
{
    "process": "gptq",
    "layer": 3,
    "module": "mlp.up_proj",
    "loss": "10.25413895",
    "samples": "1024",
    "damp": "0.01000",
    "time": "1.124",
    "fwd_time": "5.930"
}
{
    "process": "gptq",
    "layer": 3,
    "module": "mlp.gate_proj",
    "loss": "11.95156097",
    "samples": "1024",
    "damp": "0.01000",
    "time": "1.123",
    "fwd_time": "5.930"
}
{
    "process": "gptq",
    "layer": 3,
    "module": "mlp.down_proj",
    "loss": "0.20380701",
    "samples": "1024",
    "damp": "0.01000",
    "time": "3.265",
    "fwd_time": "12.206"
}
{
    "process": "gptq",
    "layer": 4,
    "module": "self_attn.k_proj",
    "loss": "27.54860878",
    "samples": "1024",
    "damp": "0.01000",
    "time": "1.117",
    "fwd_time": "7.107"
}
{
    "process": "gptq",
    "layer": 4,
    "module": "self_attn.v_proj",
    "loss": "7.25309086",
    "samples": "1024",
    "damp": "0.01000",
    "time": "1.118",
    "fwd_time": "7.107"
}
{
    "process": "gptq",
    "layer": 4,
    "module": "self_attn.q_proj",
    "loss": "25.83111572",
    "samples": "1024",
    "damp": "0.01000",
    "time": "1.128",
    "fwd_time": "7.107"
}
{
    "process": "gptq",
    "layer": 4,
    "module": "self_attn.o_proj",
    "loss": "0.07944649",
    "samples": "1024",
    "damp": "0.01000",
    "time": "1.117",
    "fwd_time": "4.655"
}
{
    "process": "gptq",
    "layer": 4,
    "module": "mlp.up_proj",
    "loss": "14.49402809",
    "samples": "1024",
    "damp": "0.01000",
    "time": "1.123",
    "fwd_time": "5.928"
}
{
    "process": "gptq",
    "layer": 4,
    "module": "mlp.gate_proj",
    "loss": "17.88635635",
    "samples": "1024",
    "damp": "0.01000",
    "time": "1.122",
    "fwd_time": "5.928"
}
{
    "process": "gptq",
    "layer": 4,
    "module": "mlp.down_proj",
    "loss": "0.42398635",
    "samples": "1024",
    "damp": "0.01000",
    "time": "3.264",
    "fwd_time": "12.216"
}
{
    "process": "gptq",
    "layer": 5,
    "module": "self_attn.k_proj",
    "loss": "34.55327606",
    "samples": "1024",
    "damp": "0.01000",
    "time": "1.119",
    "fwd_time": "7.298"
}
{
    "process": "gptq",
    "layer": 5,
    "module": "self_attn.v_proj",
    "loss": "9.26036644",
    "samples": "1024",
    "damp": "0.01000",
    "time": "1.119",
    "fwd_time": "7.298"
}
{
    "process": "gptq",
    "layer": 5,
    "module": "self_attn.q_proj",
    "loss": "31.20525742",
    "samples": "1024",
    "damp": "0.01000",
    "time": "1.127",
    "fwd_time": "7.298"
}
{
    "process": "gptq",
    "layer": 5,
    "module": "self_attn.o_proj",
    "loss": "0.18444672",
    "samples": "1024",
    "damp": "0.01000",
    "time": "1.120",
    "fwd_time": "4.647"
}
{
    "process": "gptq",
    "layer": 5,
    "module": "mlp.up_proj",
    "loss": "18.06995773",
    "samples": "1024",
    "damp": "0.01000",
    "time": "1.123",
    "fwd_time": "5.937"
}
{
    "process": "gptq",
    "layer": 5,
    "module": "mlp.gate_proj",
    "loss": "22.53650284",
    "samples": "1024",
    "damp": "0.01000",
    "time": "1.121",
    "fwd_time": "5.937"
}
{
    "process": "gptq",
    "layer": 5,
    "module": "mlp.down_proj",
    "loss": "0.63913512",
    "samples": "1024",
    "damp": "0.01000",
    "time": "3.269",
    "fwd_time": "12.228"
}
{
    "process": "gptq",
    "layer": 6,
    "module": "self_attn.k_proj",
    "loss": "48.33916092",
    "samples": "1024",
    "damp": "0.01000",
    "time": "1.118",
    "fwd_time": "7.109"
}
{
    "process": "gptq",
    "layer": 6,
    "module": "self_attn.v_proj",
    "loss": "13.38379765",
    "samples": "1024",
    "damp": "0.01000",
    "time": "1.119",
    "fwd_time": "7.109"
}
{
    "process": "gptq",
    "layer": 6,
    "module": "self_attn.q_proj",
    "loss": "46.59946442",
    "samples": "1024",
    "damp": "0.01000",
    "time": "1.128",
    "fwd_time": "7.109"
}
{
    "process": "gptq",
    "layer": 6,
    "module": "self_attn.o_proj",
    "loss": "0.28460941",
    "samples": "1024",
    "damp": "0.01000",
    "time": "1.116",
    "fwd_time": "4.654"
}
{
    "process": "gptq",
    "layer": 6,
    "module": "mlp.up_proj",
    "loss": "22.65906143",
    "samples": "1024",
    "damp": "0.01000",
    "time": "1.122",
    "fwd_time": "5.935"
}
{
    "process": "gptq",
    "layer": 6,
    "module": "mlp.gate_proj",
    "loss": "29.41820145",
    "samples": "1024",
    "damp": "0.01000",
    "time": "1.122",
    "fwd_time": "5.935"
}
{
    "process": "gptq",
    "layer": 6,
    "module": "mlp.down_proj",
    "loss": "0.97203988",
    "samples": "1024",
    "damp": "0.01000",
    "time": "3.272",
    "fwd_time": "12.218"
}
{
    "process": "gptq",
    "layer": 7,
    "module": "self_attn.k_proj",
    "loss": "53.36565018",
    "samples": "1024",
    "damp": "0.01000",
    "time": "1.118",
    "fwd_time": "7.317"
}
{
    "process": "gptq",
    "layer": 7,
    "module": "self_attn.v_proj",
    "loss": "15.60852432",
    "samples": "1024",
    "damp": "0.01000",
    "time": "1.118",
    "fwd_time": "7.317"
}
{
    "process": "gptq",
    "layer": 7,
    "module": "self_attn.q_proj",
    "loss": "52.66509247",
    "samples": "1024",
    "damp": "0.01000",
    "time": "1.129",
    "fwd_time": "7.317"
}
{
    "process": "gptq",
    "layer": 7,
    "module": "self_attn.o_proj",
    "loss": "0.43497899",
    "samples": "1024",
    "damp": "0.01000",
    "time": "1.117",
    "fwd_time": "4.656"
}
{
    "process": "gptq",
    "layer": 7,
    "module": "mlp.up_proj",
    "loss": "27.56810760",
    "samples": "1024",
    "damp": "0.01000",
    "time": "1.122",
    "fwd_time": "5.932"
}
{
    "process": "gptq",
    "layer": 7,
    "module": "mlp.gate_proj",
    "loss": "35.51639557",
    "samples": "1024",
    "damp": "0.01000",
    "time": "1.123",
    "fwd_time": "5.932"
}
{
    "process": "gptq",
    "layer": 7,
    "module": "mlp.down_proj",
    "loss": "1.39219117",
    "samples": "1024",
    "damp": "0.01000",
    "time": "3.263",
    "fwd_time": "12.211"
}
{
    "process": "gptq",
    "layer": 8,
    "module": "self_attn.k_proj",
    "loss": "57.06816101",
    "samples": "1024",
    "damp": "0.01000",
    "time": "1.117",
    "fwd_time": "7.125"
}
{
    "process": "gptq",
    "layer": 8,
    "module": "self_attn.v_proj",
    "loss": "17.09453964",
    "samples": "1024",
    "damp": "0.01000",
    "time": "1.120",
    "fwd_time": "7.125"
}
{
    "process": "gptq",
    "layer": 8,
    "module": "self_attn.q_proj",
    "loss": "55.46538544",
    "samples": "1024",
    "damp": "0.01000",
    "time": "1.126",
    "fwd_time": "7.125"
}
{
    "process": "gptq",
    "layer": 8,
    "module": "self_attn.o_proj",
    "loss": "0.72346938",
    "samples": "1024",
    "damp": "0.01000",
    "time": "1.120",
    "fwd_time": "4.647"
}
{
    "process": "gptq",
    "layer": 8,
    "module": "mlp.up_proj",
    "loss": "31.69162369",
    "samples": "1024",
    "damp": "0.01000",
    "time": "1.123",
    "fwd_time": "5.934"
}
{
    "process": "gptq",
    "layer": 8,
    "module": "mlp.gate_proj",
    "loss": "38.62251282",
    "samples": "1024",
    "damp": "0.01000",
    "time": "1.122",
    "fwd_time": "5.934"
}
{
    "process": "gptq",
    "layer": 8,
    "module": "mlp.down_proj",
    "loss": "1.84838605",
    "samples": "1024",
    "damp": "0.01000",
    "time": "3.266",
    "fwd_time": "12.219"
}
{
    "process": "gptq",
    "layer": 9,
    "module": "self_attn.k_proj",
    "loss": "66.05334473",
    "samples": "1024",
    "damp": "0.01000",
    "time": "1.119",
    "fwd_time": "7.249"
}
{
    "process": "gptq",
    "layer": 9,
    "module": "self_attn.v_proj",
    "loss": "19.85783768",
    "samples": "1024",
    "damp": "0.01000",
    "time": "1.118",
    "fwd_time": "7.249"
}
{
    "process": "gptq",
    "layer": 9,
    "module": "self_attn.q_proj",
    "loss": "61.28747177",
    "samples": "1024",
    "damp": "0.01000",
    "time": "1.129",
    "fwd_time": "7.249"
}
{
    "process": "gptq",
    "layer": 9,
    "module": "self_attn.o_proj",
    "loss": "1.01349843",
    "samples": "1024",
    "damp": "0.01000",
    "time": "1.118",
    "fwd_time": "4.657"
}
{
    "process": "gptq",
    "layer": 9,
    "module": "mlp.up_proj",
    "loss": "35.74912262",
    "samples": "1024",
    "damp": "0.01000",
    "time": "1.121",
    "fwd_time": "5.937"
}
{
    "process": "gptq",
    "layer": 9,
    "module": "mlp.gate_proj",
    "loss": "42.19267273",
    "samples": "1024",
    "damp": "0.01000",
    "time": "1.122",
    "fwd_time": "5.937"
}
{
    "process": "gptq",
    "layer": 9,
    "module": "mlp.down_proj",
    "loss": "2.25652146",
    "samples": "1024",
    "damp": "0.01000",
    "time": "3.268",
    "fwd_time": "12.211"
}
{
    "process": "gptq",
    "layer": 10,
    "module": "self_attn.k_proj",
    "loss": "71.44332123",
    "samples": "1024",
    "damp": "0.01000",
    "time": "1.121",
    "fwd_time": "7.104"
}
{
    "process": "gptq",
    "layer": 10,
    "module": "self_attn.v_proj",
    "loss": "20.81163788",
    "samples": "1024",
    "damp": "0.01000",
    "time": "1.118",
    "fwd_time": "7.104"
}
{
    "process": "gptq",
    "layer": 10,
    "module": "self_attn.q_proj",
    "loss": "65.78522491",
    "samples": "1024",
    "damp": "0.01000",
    "time": "1.130",
    "fwd_time": "7.104"
}
{
    "process": "gptq",
    "layer": 10,
    "module": "self_attn.o_proj",
    "loss": "1.39776957",
    "samples": "1024",
    "damp": "0.01000",
    "time": "1.120",
    "fwd_time": "4.655"
}
{
    "process": "gptq",
    "layer": 10,
    "module": "mlp.up_proj",
    "loss": "39.35278320",
    "samples": "1024",
    "damp": "0.01000",
    "time": "1.124",
    "fwd_time": "5.931"
}
{
    "process": "gptq",
    "layer": 10,
    "module": "mlp.gate_proj",
    "loss": "45.22323227",
    "samples": "1024",
    "damp": "0.01000",
    "time": "1.120",
    "fwd_time": "5.931"
}
{
    "process": "gptq",
    "layer": 10,
    "module": "mlp.down_proj",
    "loss": "2.63675642",
    "samples": "1024",
    "damp": "0.01000",
    "time": "3.273",
    "fwd_time": "12.221"
}
{
    "process": "gptq",
    "layer": 11,
    "module": "self_attn.k_proj",
    "loss": "75.50928497",
    "samples": "1024",
    "damp": "0.01000",
    "time": "1.120",
    "fwd_time": "7.020"
}
{
    "process": "gptq",
    "layer": 11,
    "module": "self_attn.v_proj",
    "loss": "28.21223450",
    "samples": "1024",
    "damp": "0.01000",
    "time": "1.119",
    "fwd_time": "7.020"
}
{
    "process": "gptq",
    "layer": 11,
    "module": "self_attn.q_proj",
    "loss": "74.04000854",
    "samples": "1024",
    "damp": "0.01000",
    "time": "1.125",
    "fwd_time": "7.020"
}
{
    "process": "gptq",
    "layer": 11,
    "module": "self_attn.o_proj",
    "loss": "1.43858671",
    "samples": "1024",
    "damp": "0.01000",
    "time": "1.118",
    "fwd_time": "4.643"
}
{
    "process": "gptq",
    "layer": 11,
    "module": "mlp.up_proj",
    "loss": "45.24481583",
    "samples": "1024",
    "damp": "0.01000",
    "time": "1.122",
    "fwd_time": "5.931"
}
{
    "process": "gptq",
    "layer": 11,
    "module": "mlp.gate_proj",
    "loss": "50.73923874",
    "samples": "1024",
    "damp": "0.01000",
    "time": "1.123",
    "fwd_time": "5.931"
}
{
    "process": "gptq",
    "layer": 11,
    "module": "mlp.down_proj",
    "loss": "3.07549143",
    "samples": "1024",
    "damp": "0.01000",
    "time": "3.267",
    "fwd_time": "12.216"
}
{
    "process": "gptq",
    "layer": 12,
    "module": "self_attn.k_proj",
    "loss": "87.83110046",
    "samples": "1024",
    "damp": "0.01000",
    "time": "1.119",
    "fwd_time": "7.111"
}
{
    "process": "gptq",
    "layer": 12,
    "module": "self_attn.v_proj",
    "loss": "28.90500259",
    "samples": "1024",
    "damp": "0.01000",
    "time": "1.117",
    "fwd_time": "7.111"
}
{
    "process": "gptq",
    "layer": 12,
    "module": "self_attn.q_proj",
    "loss": "80.50713348",
    "samples": "1024",
    "damp": "0.01000",
    "time": "1.125",
    "fwd_time": "7.111"
}
{
    "process": "gptq",
    "layer": 12,
    "module": "self_attn.o_proj",
    "loss": "1.58141232",
    "samples": "1024",
    "damp": "0.01000",
    "time": "1.118",
    "fwd_time": "4.650"
}
{
    "process": "gptq",
    "layer": 12,
    "module": "mlp.up_proj",
    "loss": "50.01322174",
    "samples": "1024",
    "damp": "0.01000",
    "time": "1.122",
    "fwd_time": "5.928"
}
{
    "process": "gptq",
    "layer": 12,
    "module": "mlp.gate_proj",
    "loss": "54.44104385",
    "samples": "1024",
    "damp": "0.01000",
    "time": "1.124",
    "fwd_time": "5.928"
}
{
    "process": "gptq",
    "layer": 12,
    "module": "mlp.down_proj",
    "loss": "3.71196461",
    "samples": "1024",
    "damp": "0.01000",
    "time": "3.265",
    "fwd_time": "12.211"
}
{
    "process": "gptq",
    "layer": 13,
    "module": "self_attn.k_proj",
    "loss": "88.63432312",
    "samples": "1024",
    "damp": "0.01000",
    "time": "1.120",
    "fwd_time": "7.107"
}
{
    "process": "gptq",
    "layer": 13,
    "module": "self_attn.v_proj",
    "loss": "32.87394714",
    "samples": "1024",
    "damp": "0.01000",
    "time": "1.121",
    "fwd_time": "7.107"
}
{
    "process": "gptq",
    "layer": 13,
    "module": "self_attn.q_proj",
    "loss": "84.01455688",
    "samples": "1024",
    "damp": "0.01000",
    "time": "1.131",
    "fwd_time": "7.107"
}
{
    "process": "gptq",
    "layer": 13,
    "module": "self_attn.o_proj",
    "loss": "1.87324238",
    "samples": "1024",
    "damp": "0.01000",
    "time": "1.118",
    "fwd_time": "4.653"
}
{
    "process": "gptq",
    "layer": 13,
    "module": "mlp.up_proj",
    "loss": "54.86943436",
    "samples": "1024",
    "damp": "0.01000",
    "time": "1.123",
    "fwd_time": "5.931"
}
{
    "process": "gptq",
    "layer": 13,
    "module": "mlp.gate_proj",
    "loss": "58.11003113",
    "samples": "1024",
    "damp": "0.01000",
    "time": "1.123",
    "fwd_time": "5.931"
}
{
    "process": "gptq",
    "layer": 13,
    "module": "mlp.down_proj",
    "loss": "4.66399384",
    "samples": "1024",
    "damp": "0.01000",
    "time": "3.288",
    "fwd_time": "12.209"
}
{
    "process": "gptq",
    "layer": 14,
    "module": "self_attn.k_proj",
    "loss": "94.28908539",
    "samples": "1024",
    "damp": "0.01000",
    "time": "1.119",
    "fwd_time": "7.115"
}
{
    "process": "gptq",
    "layer": 14,
    "module": "self_attn.v_proj",
    "loss": "33.29193878",
    "samples": "1024",
    "damp": "0.01000",
    "time": "1.119",
    "fwd_time": "7.115"
}
{
    "process": "gptq",
    "layer": 14,
    "module": "self_attn.q_proj",
    "loss": "87.08665466",
    "samples": "1024",
    "damp": "0.01000",
    "time": "1.129",
    "fwd_time": "7.115"
}
{
    "process": "gptq",
    "layer": 14,
    "module": "self_attn.o_proj",
    "loss": "2.39528155",
    "samples": "1024",
    "damp": "0.01000",
    "time": "1.118",
    "fwd_time": "4.643"
}
{
    "process": "gptq",
    "layer": 14,
    "module": "mlp.up_proj",
    "loss": "61.21144867",
    "samples": "1024",
    "damp": "0.01000",
    "time": "1.122",
    "fwd_time": "5.926"
}
{
    "process": "gptq",
    "layer": 14,
    "module": "mlp.gate_proj",
    "loss": "64.39762878",
    "samples": "1024",
    "damp": "0.01000",
    "time": "1.122",
    "fwd_time": "5.926"
}
{
    "process": "gptq",
    "layer": 14,
    "module": "mlp.down_proj",
    "loss": "5.53733635",
    "samples": "1024",
    "damp": "0.01000",
    "time": "3.258",
    "fwd_time": "12.219"
}
{
    "process": "gptq",
    "layer": 15,
    "module": "self_attn.k_proj",
    "loss": "92.85453796",
    "samples": "1024",
    "damp": "0.01000",
    "time": "1.121",
    "fwd_time": "7.105"
}
{
    "process": "gptq",
    "layer": 15,
    "module": "self_attn.v_proj",
    "loss": "35.17793274",
    "samples": "1024",
    "damp": "0.01000",
    "time": "1.120",
    "fwd_time": "7.105"
}
{
    "process": "gptq",
    "layer": 15,
    "module": "self_attn.q_proj",
    "loss": "83.96759796",
    "samples": "1024",
    "damp": "0.01000",
    "time": "1.191",
    "fwd_time": "7.105"
}
{
    "process": "gptq",
    "layer": 15,
    "module": "self_attn.o_proj",
    "loss": "2.62992740",
    "samples": "1024",
    "damp": "0.01000",
    "time": "1.119",
    "fwd_time": "4.650"
}
{
    "process": "gptq",
    "layer": 15,
    "module": "mlp.up_proj",
    "loss": "66.49243164",
    "samples": "1024",
    "damp": "0.01000",
    "time": "1.123",
    "fwd_time": "5.928"
}
{
    "process": "gptq",
    "layer": 15,
    "module": "mlp.gate_proj",
    "loss": "69.91647339",
    "samples": "1024",
    "damp": "0.01000",
    "time": "1.124",
    "fwd_time": "5.928"
}
{
    "process": "gptq",
    "layer": 15,
    "module": "mlp.down_proj",
    "loss": "6.98073530",
    "samples": "1024",
    "damp": "0.01000",
    "time": "3.267",
    "fwd_time": "12.205"
}
{
    "process": "gptq",
    "layer": 16,
    "module": "self_attn.k_proj",
    "loss": "95.78137207",
    "samples": "1024",
    "damp": "0.01000",
    "time": "1.118",
    "fwd_time": "7.112"
}
{
    "process": "gptq",
    "layer": 16,
    "module": "self_attn.v_proj",
    "loss": "40.38642883",
    "samples": "1024",
    "damp": "0.01000",
    "time": "1.119",
    "fwd_time": "7.112"
}
{
    "process": "gptq",
    "layer": 16,
    "module": "self_attn.q_proj",
    "loss": "87.61126709",
    "samples": "1024",
    "damp": "0.01000",
    "time": "1.126",
    "fwd_time": "7.112"
}
{
    "process": "gptq",
    "layer": 16,
    "module": "self_attn.o_proj",
    "loss": "3.67131305",
    "samples": "1024",
    "damp": "0.01000",
    "time": "1.116",
    "fwd_time": "4.643"
}
{
    "process": "gptq",
    "layer": 16,
    "module": "mlp.up_proj",
    "loss": "74.16445923",
    "samples": "1024",
    "damp": "0.01000",
    "time": "1.120",
    "fwd_time": "5.927"
}
{
    "process": "gptq",
    "layer": 16,
    "module": "mlp.gate_proj",
    "loss": "79.06705475",
    "samples": "1024",
    "damp": "0.01000",
    "time": "1.123",
    "fwd_time": "5.927"
}
{
    "process": "gptq",
    "layer": 16,
    "module": "mlp.down_proj",
    "loss": "9.01576328",
    "samples": "1024",
    "damp": "0.01000",
    "time": "3.267",
    "fwd_time": "12.223"
}
{
    "process": "gptq",
    "layer": 17,
    "module": "self_attn.k_proj",
    "loss": "96.34542847",
    "samples": "1024",
    "damp": "0.01000",
    "time": "1.119",
    "fwd_time": "7.106"
}
{
    "process": "gptq",
    "layer": 17,
    "module": "self_attn.v_proj",
    "loss": "42.10810471",
    "samples": "1024",
    "damp": "0.01000",
    "time": "1.118",
    "fwd_time": "7.106"
}
{
    "process": "gptq",
    "layer": 17,
    "module": "self_attn.q_proj",
    "loss": "89.93830872",
    "samples": "1024",
    "damp": "0.01000",
    "time": "1.127",
    "fwd_time": "7.106"
}
{
    "process": "gptq",
    "layer": 17,
    "module": "self_attn.o_proj",
    "loss": "2.87500763",
    "samples": "1024",
    "damp": "0.01000",
    "time": "1.119",
    "fwd_time": "4.650"
}
{
    "process": "gptq",
    "layer": 17,
    "module": "mlp.up_proj",
    "loss": "84.49681854",
    "samples": "1024",
    "damp": "0.01000",
    "time": "1.123",
    "fwd_time": "5.929"
}
{
    "process": "gptq",
    "layer": 17,
    "module": "mlp.gate_proj",
    "loss": "92.36404419",
    "samples": "1024",
    "damp": "0.01000",
    "time": "1.123",
    "fwd_time": "5.929"
}
{
    "process": "gptq",
    "layer": 17,
    "module": "mlp.down_proj",
    "loss": "10.22220898",
    "samples": "1024",
    "damp": "0.01000",
    "time": "3.354",
    "fwd_time": "12.212"
}
{
    "process": "gptq",
    "layer": 18,
    "module": "self_attn.k_proj",
    "loss": "103.68386078",
    "samples": "1024",
    "damp": "0.01000",
    "time": "1.108",
    "fwd_time": "7.094"
}
{
    "process": "gptq",
    "layer": 18,
    "module": "self_attn.v_proj",
    "loss": "52.51845169",
    "samples": "1024",
    "damp": "0.01000",
    "time": "1.106",
    "fwd_time": "7.094"
}
{
    "process": "gptq",
    "layer": 18,
    "module": "self_attn.q_proj",
    "loss": "97.73400116",
    "samples": "1024",
    "damp": "0.01000",
    "time": "1.136",
    "fwd_time": "7.094"
}
{
    "process": "gptq",
    "layer": 18,
    "module": "self_attn.o_proj",
    "loss": "2.94633532",
    "samples": "1024",
    "damp": "0.01000",
    "time": "1.107",
    "fwd_time": "4.641"
}
{
    "process": "gptq",
    "layer": 18,
    "module": "mlp.up_proj",
    "loss": "94.26098633",
    "samples": "1024",
    "damp": "0.01000",
    "time": "1.113",
    "fwd_time": "5.921"
}
{
    "process": "gptq",
    "layer": 18,
    "module": "mlp.gate_proj",
    "loss": "105.56086731",
    "samples": "1024",
    "damp": "0.01000",
    "time": "1.113",
    "fwd_time": "5.921"
}
{
    "process": "gptq",
    "layer": 18,
    "module": "mlp.down_proj",
    "loss": "12.22365570",
    "samples": "1024",
    "damp": "0.01000",
    "time": "3.253",
    "fwd_time": "12.205"
}
{
    "process": "gptq",
    "layer": 19,
    "module": "self_attn.k_proj",
    "loss": "100.97889709",
    "samples": "1024",
    "damp": "0.01000",
    "time": "1.106",
    "fwd_time": "7.096"
}
{
    "process": "gptq",
    "layer": 19,
    "module": "self_attn.v_proj",
    "loss": "52.87763214",
    "samples": "1024",
    "damp": "0.01000",
    "time": "1.109",
    "fwd_time": "7.096"
}
{
    "process": "gptq",
    "layer": 19,
    "module": "self_attn.q_proj",
    "loss": "94.91957855",
    "samples": "1024",
    "damp": "0.01000",
    "time": "1.113",
    "fwd_time": "7.096"
}
{
    "process": "gptq",
    "layer": 19,
    "module": "self_attn.o_proj",
    "loss": "2.87952900",
    "samples": "1024",
    "damp": "0.01000",
    "time": "1.106",
    "fwd_time": "4.641"
}
{
    "process": "gptq",
    "layer": 19,
    "module": "mlp.up_proj",
    "loss": "101.48805237",
    "samples": "1024",
    "damp": "0.01000",
    "time": "1.117",
    "fwd_time": "5.927"
}
{
    "process": "gptq",
    "layer": 19,
    "module": "mlp.gate_proj",
    "loss": "114.43135071",
    "samples": "1024",
    "damp": "0.01000",
    "time": "1.112",
    "fwd_time": "5.927"
}
{
    "process": "gptq",
    "layer": 19,
    "module": "mlp.down_proj",
    "loss": "13.69548798",
    "samples": "1024",
    "damp": "0.01000",
    "time": "3.240",
    "fwd_time": "12.210"
}
{
    "process": "gptq",
    "layer": 20,
    "module": "self_attn.k_proj",
    "loss": "104.01828003",
    "samples": "1024",
    "damp": "0.01000",
    "time": "1.174",
    "fwd_time": "7.092"
}
{
    "process": "gptq",
    "layer": 20,
    "module": "self_attn.v_proj",
    "loss": "55.43521118",
    "samples": "1024",
    "damp": "0.01000",
    "time": "1.118",
    "fwd_time": "7.092"
}
{
    "process": "gptq",
    "layer": 20,
    "module": "self_attn.q_proj",
    "loss": "98.11954498",
    "samples": "1024",
    "damp": "0.01000",
    "time": "1.115",
    "fwd_time": "7.092"
}
{
    "process": "gptq",
    "layer": 20,
    "module": "self_attn.o_proj",
    "loss": "3.87086058",
    "samples": "1024",
    "damp": "0.01000",
    "time": "1.107",
    "fwd_time": "4.645"
}
{
    "process": "gptq",
    "layer": 20,
    "module": "mlp.up_proj",
    "loss": "106.74998474",
    "samples": "1024",
    "damp": "0.01000",
    "time": "1.111",
    "fwd_time": "5.924"
}
{
    "process": "gptq",
    "layer": 20,
    "module": "mlp.gate_proj",
    "loss": "121.79511261",
    "samples": "1024",
    "damp": "0.01000",
    "time": "1.113",
    "fwd_time": "5.924"
}
{
    "process": "gptq",
    "layer": 20,
    "module": "mlp.down_proj",
    "loss": "15.92795849",
    "samples": "1024",
    "damp": "0.01000",
    "time": "3.237",
    "fwd_time": "12.199"
}
{
    "process": "gptq",
    "layer": 21,
    "module": "self_attn.k_proj",
    "loss": "107.59745789",
    "samples": "1024",
    "damp": "0.01000",
    "time": "1.107",
    "fwd_time": "7.097"
}
{
    "process": "gptq",
    "layer": 21,
    "module": "self_attn.v_proj",
    "loss": "65.25590515",
    "samples": "1024",
    "damp": "0.01000",
    "time": "1.184",
    "fwd_time": "7.097"
}
{
    "process": "gptq",
    "layer": 21,
    "module": "self_attn.q_proj",
    "loss": "103.51350403",
    "samples": "1024",
    "damp": "0.01000",
    "time": "1.198",
    "fwd_time": "7.097"
}
{
    "process": "gptq",
    "layer": 21,
    "module": "self_attn.o_proj",
    "loss": "3.61795235",
    "samples": "1024",
    "damp": "0.01000",
    "time": "1.112",
    "fwd_time": "4.665"
}
{
    "process": "gptq",
    "layer": 21,
    "module": "mlp.up_proj",
    "loss": "114.67758179",
    "samples": "1024",
    "damp": "0.01000",
    "time": "1.113",
    "fwd_time": "5.925"
}
{
    "process": "gptq",
    "layer": 21,
    "module": "mlp.gate_proj",
    "loss": "133.08190918",
    "samples": "1024",
    "damp": "0.01000",
    "time": "1.108",
    "fwd_time": "5.925"
}
{
    "process": "gptq",
    "layer": 21,
    "module": "mlp.down_proj",
    "loss": "16.88220787",
    "samples": "1024",
    "damp": "0.01000",
    "time": "3.231",
    "fwd_time": "12.215"
}
{
    "process": "gptq",
    "layer": 22,
    "module": "self_attn.k_proj",
    "loss": "116.44585419",
    "samples": "1024",
    "damp": "0.01000",
    "time": "1.107",
    "fwd_time": "7.093"
}
{
    "process": "gptq",
    "layer": 22,
    "module": "self_attn.v_proj",
    "loss": "68.05909729",
    "samples": "1024",
    "damp": "0.01000",
    "time": "1.105",
    "fwd_time": "7.093"
}
{
    "process": "gptq",
    "layer": 22,
    "module": "self_attn.q_proj",
    "loss": "111.97181702",
    "samples": "1024",
    "damp": "0.01000",
    "time": "1.162",
    "fwd_time": "7.093"
}
{
    "process": "gptq",
    "layer": 22,
    "module": "self_attn.o_proj",
    "loss": "4.90752888",
    "samples": "1024",
    "damp": "0.01000",
    "time": "1.109",
    "fwd_time": "4.636"
}
{
    "process": "gptq",
    "layer": 22,
    "module": "mlp.up_proj",
    "loss": "119.42085266",
    "samples": "1024",
    "damp": "0.01000",
    "time": "1.152",
    "fwd_time": "5.919"
}
{
    "process": "gptq",
    "layer": 22,
    "module": "mlp.gate_proj",
    "loss": "140.31991577",
    "samples": "1024",
    "damp": "0.01000",
    "time": "1.110",
    "fwd_time": "5.919"
}
{
    "process": "gptq",
    "layer": 22,
    "module": "mlp.down_proj",
    "loss": "18.72254944",
    "samples": "1024",
    "damp": "0.01000",
    "time": "13.018",
    "fwd_time": "12.279"
}
{
    "process": "gptq",
    "layer": 23,
    "module": "self_attn.k_proj",
    "loss": "124.80654907",
    "samples": "1024",
    "damp": "0.01000",
    "time": "3.053",
    "fwd_time": "7.201"
}
{
    "process": "gptq",
    "layer": 23,
    "module": "self_attn.v_proj",
    "loss": "83.30880737",
    "samples": "1024",
    "damp": "0.01000",
    "time": "1.126",
    "fwd_time": "7.201"
}
{
    "process": "gptq",
    "layer": 23,
    "module": "self_attn.q_proj",
    "loss": "122.09580994",
    "samples": "1024",
    "damp": "0.01000",
    "time": "1.114",
    "fwd_time": "7.201"
}
{
    "process": "gptq",
    "layer": 23,
    "module": "self_attn.o_proj",
    "loss": "4.34489155",
    "samples": "1024",
    "damp": "0.01000",
    "time": "1.107",
    "fwd_time": "4.638"
}
{
    "process": "gptq",
    "layer": 23,
    "module": "mlp.up_proj",
    "loss": "129.71771240",
    "samples": "1024",
    "damp": "0.01000",
    "time": "1.114",
    "fwd_time": "5.925"
}
{
    "process": "gptq",
    "layer": 23,
    "module": "mlp.gate_proj",
    "loss": "150.80053711",
    "samples": "1024",
    "damp": "0.01000",
    "time": "1.112",
    "fwd_time": "5.925"
}
{
    "process": "gptq",
    "layer": 23,
    "module": "mlp.down_proj",
    "loss": "20.81263351",
    "samples": "1024",
    "damp": "0.01000",
    "time": "3.775",
    "fwd_time": "12.210"
}
{
    "process": "gptq",
    "layer": 24,
    "module": "self_attn.k_proj",
    "loss": "117.19123840",
    "samples": "1024",
    "damp": "0.01000",
    "time": "1.293",
    "fwd_time": "7.390"
}
{
    "process": "gptq",
    "layer": 24,
    "module": "self_attn.v_proj",
    "loss": "80.09852600",
    "samples": "1024",
    "damp": "0.01000",
    "time": "1.112",
    "fwd_time": "7.390"
}
{
    "process": "gptq",
    "layer": 24,
    "module": "self_attn.q_proj",
    "loss": "113.75483704",
    "samples": "1024",
    "damp": "0.01000",
    "time": "1.123",
    "fwd_time": "7.390"
}
{
    "process": "gptq",
    "layer": 24,
    "module": "self_attn.o_proj",
    "loss": "5.50114918",
    "samples": "1024",
    "damp": "0.01000",
    "time": "1.106",
    "fwd_time": "4.646"
}
{
    "process": "gptq",
    "layer": 24,
    "module": "mlp.up_proj",
    "loss": "137.65715027",
    "samples": "1024",
    "damp": "0.01000",
    "time": "1.172",
    "fwd_time": "5.925"
}
{
    "process": "gptq",
    "layer": 24,
    "module": "mlp.gate_proj",
    "loss": "159.81924438",
    "samples": "1024",
    "damp": "0.01000",
    "time": "1.109",
    "fwd_time": "5.925"
}
{
    "process": "gptq",
    "layer": 24,
    "module": "mlp.down_proj",
    "loss": "22.78479004",
    "samples": "1024",
    "damp": "0.01000",
    "time": "3.235",
    "fwd_time": "12.197"
}
{
    "process": "gptq",
    "layer": 25,
    "module": "self_attn.k_proj",
    "loss": "134.94120789",
    "samples": "1024",
    "damp": "0.01000",
    "time": "1.105",
    "fwd_time": "7.103"
}
{
    "process": "gptq",
    "layer": 25,
    "module": "self_attn.v_proj",
    "loss": "100.49047852",
    "samples": "1024",
    "damp": "0.01000",
    "time": "1.104",
    "fwd_time": "7.103"
}
{
    "process": "gptq",
    "layer": 25,
    "module": "self_attn.q_proj",
    "loss": "134.82633972",
    "samples": "1024",
    "damp": "0.01000",
    "time": "1.107",
    "fwd_time": "7.103"
}
{
    "process": "gptq",
    "layer": 25,
    "module": "self_attn.o_proj",
    "loss": "4.10470295",
    "samples": "1024",
    "damp": "0.01000",
    "time": "1.104",
    "fwd_time": "4.641"
}
{
    "process": "gptq",
    "layer": 25,
    "module": "mlp.up_proj",
    "loss": "148.08851624",
    "samples": "1024",
    "damp": "0.01000",
    "time": "1.109",
    "fwd_time": "5.924"
}
{
    "process": "gptq",
    "layer": 25,
    "module": "mlp.gate_proj",
    "loss": "171.24951172",
    "samples": "1024",
    "damp": "0.01000",
    "time": "1.110",
    "fwd_time": "5.924"
}
{
    "process": "gptq",
    "layer": 25,
    "module": "mlp.down_proj",
    "loss": "25.39192200",
    "samples": "1024",
    "damp": "0.01000",
    "time": "3.222",
    "fwd_time": "12.200"
}
{
    "process": "gptq",
    "layer": 26,
    "module": "self_attn.k_proj",
    "loss": "129.22286987",
    "samples": "1024",
    "damp": "0.01000",
    "time": "1.108",
    "fwd_time": "7.098"
}
{
    "process": "gptq",
    "layer": 26,
    "module": "self_attn.v_proj",
    "loss": "99.88374329",
    "samples": "1024",
    "damp": "0.01000",
    "time": "1.107",
    "fwd_time": "7.098"
}
{
    "process": "gptq",
    "layer": 26,
    "module": "self_attn.q_proj",
    "loss": "127.80014801",
    "samples": "1024",
    "damp": "0.01000",
    "time": "1.114",
    "fwd_time": "7.098"
}
{
    "process": "gptq",
    "layer": 26,
    "module": "self_attn.o_proj",
    "loss": "7.51660824",
    "samples": "1024",
    "damp": "0.01000",
    "time": "1.105",
    "fwd_time": "4.645"
}
{
    "process": "gptq",
    "layer": 26,
    "module": "mlp.up_proj",
    "loss": "157.95532227",
    "samples": "1024",
    "damp": "0.01000",
    "time": "1.109",
    "fwd_time": "5.926"
}
{
    "process": "gptq",
    "layer": 26,
    "module": "mlp.gate_proj",
    "loss": "182.43298340",
    "samples": "1024",
    "damp": "0.01000",
    "time": "1.110",
    "fwd_time": "5.926"
}
{
    "process": "gptq",
    "layer": 26,
    "module": "mlp.down_proj",
    "loss": "28.72400284",
    "samples": "1024",
    "damp": "0.01000",
    "time": "3.233",
    "fwd_time": "12.198"
}
{
    "process": "gptq",
    "layer": 27,
    "module": "self_attn.k_proj",
    "loss": "140.90008545",
    "samples": "1024",
    "damp": "0.01000",
    "time": "1.105",
    "fwd_time": "7.098"
}
{
    "process": "gptq",
    "layer": 27,
    "module": "self_attn.v_proj",
    "loss": "104.17263794",
    "samples": "1024",
    "damp": "0.01000",
    "time": "1.104",
    "fwd_time": "7.098"
}
{
    "process": "gptq",
    "layer": 27,
    "module": "self_attn.q_proj",
    "loss": "138.19885254",
    "samples": "1024",
    "damp": "0.01000",
    "time": "1.107",
    "fwd_time": "7.098"
}
{
    "process": "gptq",
    "layer": 27,
    "module": "self_attn.o_proj",
    "loss": "5.30891037",
    "samples": "1024",
    "damp": "0.01000",
    "time": "1.104",
    "fwd_time": "4.656"
}
{
    "process": "gptq",
    "layer": 27,
    "module": "mlp.up_proj",
    "loss": "170.84974670",
    "samples": "1024",
    "damp": "0.01000",
    "time": "1.112",
    "fwd_time": "5.925"
}
{
    "process": "gptq",
    "layer": 27,
    "module": "mlp.gate_proj",
    "loss": "195.76879883",
    "samples": "1024",
    "damp": "0.01000",
    "time": "1.109",
    "fwd_time": "5.925"
}
{
    "process": "gptq",
    "layer": 27,
    "module": "mlp.down_proj",
    "loss": "33.39888763",
    "samples": "1024",
    "damp": "0.01000",
    "time": "3.359",
    "fwd_time": "12.507"
}
{
    "process": "gptq",
    "layer": 28,
    "module": "self_attn.k_proj",
    "loss": "140.09756470",
    "samples": "1024",
    "damp": "0.01000",
    "time": "1.102",
    "fwd_time": "7.066"
}
{
    "process": "gptq",
    "layer": 28,
    "module": "self_attn.v_proj",
    "loss": "116.02159119",
    "samples": "1024",
    "damp": "0.01000",
    "time": "1.101",
    "fwd_time": "7.066"
}
{
    "process": "gptq",
    "layer": 28,
    "module": "self_attn.q_proj",
    "loss": "136.75607300",
    "samples": "1024",
    "damp": "0.01000",
    "time": "1.109",
    "fwd_time": "7.066"
}
{
    "process": "gptq",
    "layer": 28,
    "module": "self_attn.o_proj",
    "loss": "7.85481548",
    "samples": "1024",
    "damp": "0.01000",
    "time": "1.102",
    "fwd_time": "4.640"
}
{
    "process": "gptq",
    "layer": 28,
    "module": "mlp.up_proj",
    "loss": "184.07540894",
    "samples": "1024",
    "damp": "0.01000",
    "time": "1.307",
    "fwd_time": "5.921"
}
{
    "process": "gptq",
    "layer": 28,
    "module": "mlp.gate_proj",
    "loss": "205.07719421",
    "samples": "1024",
    "damp": "0.01000",
    "time": "1.107",
    "fwd_time": "5.921"
}
{
    "process": "gptq",
    "layer": 28,
    "module": "mlp.down_proj",
    "loss": "41.26434326",
    "samples": "1024",
    "damp": "0.01000",
    "time": "3.227",
    "fwd_time": "12.219"
}
{
    "process": "gptq",
    "layer": 29,
    "module": "self_attn.k_proj",
    "loss": "125.17909241",
    "samples": "1024",
    "damp": "0.01000",
    "time": "1.101",
    "fwd_time": "7.098"
}
{
    "process": "gptq",
    "layer": 29,
    "module": "self_attn.v_proj",
    "loss": "109.63857269",
    "samples": "1024",
    "damp": "0.01000",
    "time": "1.105",
    "fwd_time": "7.098"
}
{
    "process": "gptq",
    "layer": 29,
    "module": "self_attn.q_proj",
    "loss": "122.26617432",
    "samples": "1024",
    "damp": "0.01000",
    "time": "1.111",
    "fwd_time": "7.098"
}
{
    "process": "gptq",
    "layer": 29,
    "module": "self_attn.o_proj",
    "loss": "7.63966560",
    "samples": "1024",
    "damp": "0.01000",
    "time": "1.103",
    "fwd_time": "4.641"
}
{
    "process": "gptq",
    "layer": 29,
    "module": "mlp.up_proj",
    "loss": "194.98925781",
    "samples": "1024",
    "damp": "0.01000",
    "time": "1.111",
    "fwd_time": "5.925"
}
{
    "process": "gptq",
    "layer": 29,
    "module": "mlp.gate_proj",
    "loss": "214.52590942",
    "samples": "1024",
    "damp": "0.01000",
    "time": "1.108",
    "fwd_time": "5.925"
}
{
    "process": "gptq",
    "layer": 29,
    "module": "mlp.down_proj",
    "loss": "52.72266006",
    "samples": "1024",
    "damp": "0.01000",
    "time": "3.218",
    "fwd_time": "12.200"
}
{
    "process": "gptq",
    "layer": 30,
    "module": "self_attn.k_proj",
    "loss": "134.74108887",
    "samples": "1024",
    "damp": "0.01000",
    "time": "1.104",
    "fwd_time": "7.096"
}
{
    "process": "gptq",
    "layer": 30,
    "module": "self_attn.v_proj",
    "loss": "123.03583527",
    "samples": "1024",
    "damp": "0.01000",
    "time": "1.103",
    "fwd_time": "7.096"
}
{
    "process": "gptq",
    "layer": 30,
    "module": "self_attn.q_proj",
    "loss": "131.17552185",
    "samples": "1024",
    "damp": "0.01000",
    "time": "1.109",
    "fwd_time": "7.096"
}
{
    "process": "gptq",
    "layer": 30,
    "module": "self_attn.o_proj",
    "loss": "8.00112438",
    "samples": "1024",
    "damp": "0.01000",
    "time": "1.101",
    "fwd_time": "4.647"
}
{
    "process": "gptq",
    "layer": 30,
    "module": "mlp.up_proj",
    "loss": "200.43559265",
    "samples": "1024",
    "damp": "0.01000",
    "time": "1.354",
    "fwd_time": "5.926"
}
{
    "process": "gptq",
    "layer": 30,
    "module": "mlp.gate_proj",
    "loss": "223.37501526",
    "samples": "1024",
    "damp": "0.01000",
    "time": "1.108",
    "fwd_time": "5.926"
}
{
    "process": "gptq",
    "layer": 30,
    "module": "mlp.down_proj",
    "loss": "29350.67187500",
    "samples": "1024",
    "damp": "0.01000",
    "time": "3.223",
    "fwd_time": "12.209"
}
{
    "process": "gptq",
    "layer": 31,
    "module": "self_attn.k_proj",
    "loss": "92.04245758",
    "samples": "1024",
    "damp": "0.01000",
    "time": "1.104",
    "fwd_time": "7.244"
}
{
    "process": "gptq",
    "layer": 31,
    "module": "self_attn.v_proj",
    "loss": "63.84343719",
    "samples": "1024",
    "damp": "0.01000",
    "time": "1.106",
    "fwd_time": "7.244"
}
{
    "process": "gptq",
    "layer": 31,
    "module": "self_attn.q_proj",
    "loss": "85.44525146",
    "samples": "1024",
    "damp": "0.01000",
    "time": "1.110",
    "fwd_time": "7.244"
}
{
    "process": "gptq",
    "layer": 31,
    "module": "self_attn.o_proj",
    "loss": "14.58270550",
    "samples": "1024",
    "damp": "0.01000",
    "time": "1.104",
    "fwd_time": "4.648"
}
{
    "process": "gptq",
    "layer": 31,
    "module": "mlp.up_proj",
    "loss": "148.67903137",
    "samples": "1024",
    "damp": "0.01000",
    "time": "1.109",
    "fwd_time": "5.937"
}
{
    "process": "gptq",
    "layer": 31,
    "module": "mlp.gate_proj",
    "loss": "166.94981384",
    "samples": "1024",
    "damp": "0.01000",
    "time": "1.108",
    "fwd_time": "5.937"
}
{
    "process": "gptq",
    "layer": 31,
    "module": "mlp.down_proj",
    "loss": "139.84527588",
    "samples": "1024",
    "damp": "0.01000",
    "time": "3.229",
    "fwd_time": "12.227"
}
